/Applications/FFDec.app/Contents/MacOS/../Resources/ffdec.sh: line 49: [: java version "26.0.2.1" 2026-08-18 Java(TM) SE Runtime Environment (build 26.0.2.1+1-7) Java HotSpot(TM) 64-Bit Server VM (build 26.0.2.1+1-7, mixed mode, sharing): integer expression expected
/Applications/FFDec.app/Contents/MacOS/../Resources/ffdec.sh: line 51: [: java version "26.0.2.1" 2026-08-18 Java(TM) SE Runtime Environment (build 26.0.2.1+1-7) Java HotSpot(TM) 64-Bit Server VM (build 26.0.2.1+1-7, mixed mode, sharing): integer expression expected
/Applications/FFDec.app/Contents/MacOS/../Resources/ffdec.sh: line 55: [: java version "26.0.2.1" 2026-08-18 Java(TM) SE Runtime Environment (build 26.0.2.1+1-7) Java HotSpot(TM) 64-Bit Server VM (build 26.0.2.1+1-7, mixed mode, sharing): integer expression expected
/Applications/FFDec.app/Contents/MacOS/../Resources/ffdec.sh: line 57: [: java version "26.0.2.1" 2026-08-18 Java(TM) SE Runtime Environment (build 26.0.2.1+1-7) Java HotSpot(TM) 64-Bit Server VM (build 26.0.2.1+1-7, mixed mode, sharing): integer expression expected
/Applications/FFDec.app/Contents/MacOS/../Resources/ffdec.sh: line 61: [: java version "26.0.2.1" 2026-08-18 Java(TM) SE Runtime Environment (build 26.0.2.1+1-7) Java HotSpot(TM) 64-Bit Server VM (build 26.0.2.1+1-7, mixed mode, sharing): integer expression expected
/Applications/FFDec.app/Contents/MacOS/../Resources/ffdec.sh: line 63: [: java version "26.0.2.1" 2026-08-18 Java(TM) SE Runtime Environment (build 26.0.2.1+1-7) Java HotSpot(TM) 64-Bit Server VM (build 26.0.2.1+1-7, mixed mode, sharing): integer expression expected
/Applications/FFDec.app/Contents/MacOS/../Resources/ffdec.sh: line 67: [: java version "26.0.2.1" 2026-08-18 Java(TM) SE Runtime Environment (build 26.0.2.1+1-7) Java HotSpot(TM) 64-Bit Server VM (build 26.0.2.1+1-7, mixed mode, sharing): integer expression expected
JPEXS Free Flash Decompiler v.26.0.0 nightly build 3515
-------------------------------------------------------
Exporting buttons...
Exported frame 1/4 DefineButton2 (chid: 15)
Exported frame 2/4 DefineButton2 (chid: 15)
Exported frame 3/4 DefineButton2 (chid: 15)
Exported frame 4/4 DefineButton2 (chid: 15)
Exported frame 1/4 DefineButton2 (chid: 26)
Exported frame 2/4 DefineButton2 (chid: 26)
Exported frame 3/4 DefineButton2 (chid: 26)
Exported frame 4/4 DefineButton2 (chid: 26)
Exported frame 1/4 DefineButton2 (chid: 37)
Exported frame 2/4 DefineButton2 (chid: 37)
Exported frame 3/4 DefineButton2 (chid: 37)
Exported frame 4/4 DefineButton2 (chid: 37)
Exported frame 1/4 DefineButton2 (chid: 40)
Exported frame 2/4 DefineButton2 (chid: 40)
Exported frame 3/4 DefineButton2 (chid: 40)
Exported frame 4/4 DefineButton2 (chid: 40)
Exported frame 1/4 DefineButton2 (chid: 44)
Exported frame 2/4 DefineButton2 (chid: 44)
Exported frame 3/4 DefineButton2 (chid: 44)
Exported frame 4/4 DefineButton2 (chid: 44)
Exported frame 1/4 DefineButton2 (chid: 47)
Exported frame 2/4 DefineButton2 (chid: 47)
Exported frame 3/4 DefineButton2 (chid: 47)
Exported frame 4/4 DefineButton2 (chid: 47)
Exported frame 1/4 DefineButton2 (chid: 184)
Exported frame 2/4 DefineButton2 (chid: 184)
Exported frame 3/4 DefineButton2 (chid: 184)
Exported frame 4/4 DefineButton2 (chid: 184)
Exported frame 1/4 DefineButton2 (chid: 193)
Exported frame 2/4 DefineButton2 (chid: 193)
Exported frame 3/4 DefineButton2 (chid: 193)
Exported frame 4/4 DefineButton2 (chid: 193)
Exported frame 1/4 DefineButton2 (chid: 200)
Exported frame 2/4 DefineButton2 (chid: 200)
Exported frame 3/4 DefineButton2 (chid: 200)
Exported frame 4/4 DefineButton2 (chid: 200)
Exported frame 1/4 DefineButton2 (chid: 224)
Exported frame 2/4 DefineButton2 (chid: 224)
Exported frame 3/4 DefineButton2 (chid: 224)
Exported frame 4/4 DefineButton2 (chid: 224)
Exported frame 1/4 DefineButton2 (chid: 236)
Exported frame 2/4 DefineButton2 (chid: 236)
Exported frame 3/4 DefineButton2 (chid: 236)
Exported frame 4/4 DefineButton2 (chid: 236)
Exported frame 1/4 DefineButton2 (chid: 2195)
Exported frame 2/4 DefineButton2 (chid: 2195)
Exported frame 3/4 DefineButton2 (chid: 2195)
Exported frame 4/4 DefineButton2 (chid: 2195)
Exported frame 1/4 DefineButton2 (chid: 2442)
Exported frame 2/4 DefineButton2 (chid: 2442)
Exported frame 3/4 DefineButton2 (chid: 2442)
Exported frame 4/4 DefineButton2 (chid: 2442)
Exported frame 1/4 DefineButton2 (chid: 2443)
Exported frame 2/4 DefineButton2 (chid: 2443)
Exported frame 3/4 DefineButton2 (chid: 2443)
Exported frame 4/4 DefineButton2 (chid: 2443)
Exported frame 1/4 DefineButton2 (chid: 2446)
Exported frame 2/4 DefineButton2 (chid: 2446)
Exported frame 3/4 DefineButton2 (chid: 2446)
Exported frame 4/4 DefineButton2 (chid: 2446)
Exported frame 1/4 DefineButton2 (chid: 2459)
Exported frame 2/4 DefineButton2 (chid: 2459)
Exported frame 3/4 DefineButton2 (chid: 2459)
Exported frame 4/4 DefineButton2 (chid: 2459)
Exported frame 1/4 DefineButton2 (chid: 2464)
Exported frame 2/4 DefineButton2 (chid: 2464)
Exported frame 3/4 DefineButton2 (chid: 2464)
Exported frame 4/4 DefineButton2 (chid: 2464)
Exported frame 1/4 DefineButton2 (chid: 2487)
Exported frame 2/4 DefineButton2 (chid: 2487)
Exported frame 3/4 DefineButton2 (chid: 2487)
Exported frame 4/4 DefineButton2 (chid: 2487)
Exported frame 1/4 DefineButton2 (chid: 2492)
Exported frame 2/4 DefineButton2 (chid: 2492)
Exported frame 3/4 DefineButton2 (chid: 2492)
Exported frame 4/4 DefineButton2 (chid: 2492)
Exported frame 1/4 DefineButton2 (chid: 2496)
Exported frame 2/4 DefineButton2 (chid: 2496)
Exported frame 3/4 DefineButton2 (chid: 2496)
Exported frame 4/4 DefineButton2 (chid: 2496)
Exported frame 1/4 DefineButton2 (chid: 2501)
Exported frame 2/4 DefineButton2 (chid: 2501)
Exported frame 3/4 DefineButton2 (chid: 2501)
Exported frame 4/4 DefineButton2 (chid: 2501)
Exported frame 1/4 DefineButton2 (chid: 2509)
Exported frame 2/4 DefineButton2 (chid: 2509)
Exported frame 3/4 DefineButton2 (chid: 2509)
Exported frame 4/4 DefineButton2 (chid: 2509)
Exported frame 1/4 DefineButton2 (chid: 2518)
Exported frame 2/4 DefineButton2 (chid: 2518)
Exported frame 3/4 DefineButton2 (chid: 2518)
Exported frame 4/4 DefineButton2 (chid: 2518)
Exported frame 1/4 DefineButton2 (chid: 2525)
Exported frame 2/4 DefineButton2 (chid: 2525)
Exported frame 3/4 DefineButton2 (chid: 2525)
Exported frame 4/4 DefineButton2 (chid: 2525)
Exported frame 1/4 DefineButton2 (chid: 2528)
Exported frame 2/4 DefineButton2 (chid: 2528)
Exported frame 3/4 DefineButton2 (chid: 2528)
Exported frame 4/4 DefineButton2 (chid: 2528)
Exported frame 1/4 DefineButton2 (chid: 2531)
Exported frame 2/4 DefineButton2 (chid: 2531)
Exported frame 3/4 DefineButton2 (chid: 2531)
Exported frame 4/4 DefineButton2 (chid: 2531)
Exported frame 1/4 DefineButton2 (chid: 2535)
Exported frame 2/4 DefineButton2 (chid: 2535)
Exported frame 3/4 DefineButton2 (chid: 2535)
Exported frame 4/4 DefineButton2 (chid: 2535)
Exported frame 1/4 DefineButton2 (chid: 2537)
Exported frame 2/4 DefineButton2 (chid: 2537)
Exported frame 3/4 DefineButton2 (chid: 2537)
Exported frame 4/4 DefineButton2 (chid: 2537)
Exported frame 1/4 DefineButton2 (chid: 2540)
Exported frame 2/4 DefineButton2 (chid: 2540)
Exported frame 3/4 DefineButton2 (chid: 2540)
Exported frame 4/4 DefineButton2 (chid: 2540)
Export finished. Total export time: 00:01.230
OK
