/Applications/FFDec.app/Contents/MacOS/../Resources/ffdec.sh: line 49: [: java version "26.0.2.1" 2026-08-18 Java(TM) SE Runtime Environment (build 26.0.2.1+1-7) Java HotSpot(TM) 64-Bit Server VM (build 26.0.2.1+1-7, mixed mode, sharing): integer expression expected
/Applications/FFDec.app/Contents/MacOS/../Resources/ffdec.sh: line 51: [: java version "26.0.2.1" 2026-08-18 Java(TM) SE Runtime Environment (build 26.0.2.1+1-7) Java HotSpot(TM) 64-Bit Server VM (build 26.0.2.1+1-7, mixed mode, sharing): integer expression expected
/Applications/FFDec.app/Contents/MacOS/../Resources/ffdec.sh: line 55: [: java version "26.0.2.1" 2026-08-18 Java(TM) SE Runtime Environment (build 26.0.2.1+1-7) Java HotSpot(TM) 64-Bit Server VM (build 26.0.2.1+1-7, mixed mode, sharing): integer expression expected
/Applications/FFDec.app/Contents/MacOS/../Resources/ffdec.sh: line 57: [: java version "26.0.2.1" 2026-08-18 Java(TM) SE Runtime Environment (build 26.0.2.1+1-7) Java HotSpot(TM) 64-Bit Server VM (build 26.0.2.1+1-7, mixed mode, sharing): integer expression expected
/Applications/FFDec.app/Contents/MacOS/../Resources/ffdec.sh: line 61: [: java version "26.0.2.1" 2026-08-18 Java(TM) SE Runtime Environment (build 26.0.2.1+1-7) Java HotSpot(TM) 64-Bit Server VM (build 26.0.2.1+1-7, mixed mode, sharing): integer expression expected
/Applications/FFDec.app/Contents/MacOS/../Resources/ffdec.sh: line 63: [: java version "26.0.2.1" 2026-08-18 Java(TM) SE Runtime Environment (build 26.0.2.1+1-7) Java HotSpot(TM) 64-Bit Server VM (build 26.0.2.1+1-7, mixed mode, sharing): integer expression expected
/Applications/FFDec.app/Contents/MacOS/../Resources/ffdec.sh: line 67: [: java version "26.0.2.1" 2026-08-18 Java(TM) SE Runtime Environment (build 26.0.2.1+1-7) Java HotSpot(TM) 64-Bit Server VM (build 26.0.2.1+1-7, mixed mode, sharing): integer expression expected
JPEXS Free Flash Decompiler v.26.0.0 nightly build 3515
-------------------------------------------------------
Exporting shapes...
Exported shape 1/1598 DefineShape3 (chid: 1)
Exported shape 2/1598 DefineShape3 (chid: 11)
Exported shape 3/1598 DefineShape (chid: 13)
Exported shape 4/1598 DefineShape (chid: 17)
Exported shape 5/1598 DefineShape3 (chid: 20)
Exported shape 6/1598 DefineShape3 (chid: 24)
Exported shape 7/1598 DefineShape3 (chid: 32)
Exported shape 8/1598 DefineShape (chid: 38)
Exported shape 9/1598 DefineShape (chid: 45)
Exported shape 10/1598 DefineShape (chid: 50)
Exported shape 11/1598 DefineShape3 (chid: 52)
Exported shape 12/1598 DefineShape4 (chid: 55)
Exported shape 13/1598 DefineShape (chid: 58)
Exported shape 14/1598 DefineShape2 (chid: 61)
Exported shape 15/1598 DefineShape2 (chid: 64)
Exported shape 16/1598 DefineShape (chid: 67)
Exported shape 17/1598 DefineShape2 (chid: 70)
Exported shape 18/1598 DefineShape2 (chid: 73)
Exported shape 19/1598 DefineShape2 (chid: 75)
Exported shape 20/1598 DefineShape2 (chid: 78)
Exported shape 21/1598 DefineShape (chid: 80)
Exported shape 22/1598 DefineShape2 (chid: 83)
Exported shape 23/1598 DefineShape (chid: 93)
Exported shape 24/1598 DefineShape (chid: 95)
Exported shape 25/1598 DefineShape4 (chid: 98)
Exported shape 26/1598 DefineShape (chid: 101)
Exported shape 27/1598 DefineShape (chid: 103)
Exported shape 28/1598 DefineShape (chid: 109)
Exported shape 29/1598 DefineShape (chid: 111)
Exported shape 30/1598 DefineShape (chid: 113)
Exported shape 31/1598 DefineShape (chid: 115)
Exported shape 32/1598 DefineShape (chid: 117)
Exported shape 33/1598 DefineShape (chid: 119)
Exported shape 34/1598 DefineShape4 (chid: 121)
Exported shape 35/1598 DefineShape (chid: 123)
Exported shape 36/1598 DefineShape (chid: 124)
Exported shape 37/1598 DefineShape (chid: 128)
Exported shape 38/1598 DefineShape (chid: 130)
Exported shape 39/1598 DefineShape4 (chid: 135)
Exported shape 40/1598 DefineShape (chid: 137)
Exported shape 41/1598 DefineShape (chid: 139)
Exported shape 42/1598 DefineShape (chid: 142)
Exported shape 43/1598 DefineShape (chid: 145)
Exported shape 44/1598 DefineShape4 (chid: 151)
Exported shape 45/1598 DefineShape4 (chid: 153)
Exported shape 46/1598 DefineShape4 (chid: 155)
Exported shape 47/1598 DefineShape4 (chid: 157)
Exported shape 48/1598 DefineShape4 (chid: 159)
Exported shape 49/1598 DefineShape4 (chid: 161)
Exported shape 50/1598 DefineShape4 (chid: 163)
Exported shape 51/1598 DefineShape4 (chid: 165)
Exported shape 52/1598 DefineShape3 (chid: 166)
Exported shape 53/1598 DefineShape4 (chid: 169)
Exported shape 54/1598 DefineShape4 (chid: 171)
Exported shape 55/1598 DefineShape4 (chid: 173)
Exported shape 56/1598 DefineShape4 (chid: 175)
Exported shape 57/1598 DefineShape4 (chid: 177)
Exported shape 58/1598 DefineShape (chid: 179)
Exported shape 59/1598 DefineShape3 (chid: 182)
Exported shape 60/1598 DefineShape (chid: 187)
Exported shape 61/1598 DefineShape (chid: 189)
Exported shape 62/1598 DefineShape3 (chid: 191)
Exported shape 63/1598 DefineShape3 (chid: 195)
Exported shape 64/1598 DefineShape (chid: 198)
Exported shape 65/1598 DefineShape (chid: 202)
Exported shape 66/1598 DefineShape3 (chid: 206)
Exported shape 67/1598 DefineShape (chid: 208)
Exported shape 68/1598 DefineShape (chid: 209)
Exported shape 69/1598 DefineShape (chid: 222)
Exported shape 70/1598 DefineShape (chid: 225)
Exported shape 71/1598 DefineShape3 (chid: 227)
Exported shape 72/1598 DefineShape3 (chid: 232)
Exported shape 73/1598 DefineShape (chid: 234)
Exported shape 74/1598 DefineShape (chid: 237)
Exported shape 75/1598 DefineShape4 (chid: 239)
Exported shape 76/1598 DefineShape3 (chid: 241)
Exported shape 77/1598 DefineShape4 (chid: 243)
Exported shape 78/1598 DefineShape (chid: 247)
Exported shape 79/1598 DefineShape4 (chid: 253)
Exported shape 80/1598 DefineShape4 (chid: 255)
Exported shape 81/1598 DefineShape4 (chid: 257)
Exported shape 82/1598 DefineShape4 (chid: 259)
Exported shape 83/1598 DefineShape4 (chid: 261)
Exported shape 84/1598 DefineShape4 (chid: 263)
Exported shape 85/1598 DefineShape4 (chid: 265)
Exported shape 86/1598 DefineShape4 (chid: 267)
Exported shape 87/1598 DefineShape4 (chid: 269)
Exported shape 88/1598 DefineShape4 (chid: 271)
Exported shape 89/1598 DefineShape4 (chid: 273)
Exported shape 90/1598 DefineShape4 (chid: 275)
Exported shape 91/1598 DefineShape4 (chid: 277)
Exported shape 92/1598 DefineShape4 (chid: 279)
Exported shape 93/1598 DefineShape4 (chid: 282)
Exported shape 94/1598 DefineShape4 (chid: 284)
Exported shape 95/1598 DefineShape4 (chid: 287)
Exported shape 96/1598 DefineShape4 (chid: 289)
Exported shape 97/1598 DefineShape4 (chid: 291)
Exported shape 98/1598 DefineShape4 (chid: 293)
Exported shape 99/1598 DefineShape4 (chid: 295)
Exported shape 100/1598 DefineShape2 (chid: 297)
Exported shape 101/1598 DefineShape (chid: 299)
Exported shape 102/1598 DefineShape (chid: 300)
Exported shape 103/1598 DefineShape (chid: 301)
Exported shape 104/1598 DefineShape (chid: 302)
Exported shape 105/1598 DefineShape (chid: 303)
Exported shape 106/1598 DefineShape (chid: 304)
Exported shape 107/1598 DefineShape (chid: 305)
Exported shape 108/1598 DefineShape (chid: 306)
Exported shape 109/1598 DefineShape (chid: 307)
Exported shape 110/1598 DefineShape3 (chid: 308)
Exported shape 111/1598 DefineShape (chid: 310)
Exported shape 112/1598 DefineShape (chid: 311)
Exported shape 113/1598 DefineShape (chid: 312)
Exported shape 114/1598 DefineShape (chid: 313)
Exported shape 115/1598 DefineShape (chid: 314)
Exported shape 116/1598 DefineShape (chid: 315)
Exported shape 117/1598 DefineShape (chid: 316)
Exported shape 118/1598 DefineShape (chid: 317)
Exported shape 119/1598 DefineShape (chid: 318)
Exported shape 120/1598 DefineShape (chid: 320)
Exported shape 121/1598 DefineShape3 (chid: 322)
Exported shape 122/1598 DefineShape3 (chid: 324)
Exported shape 123/1598 DefineShape (chid: 326)
Exported shape 124/1598 DefineShape (chid: 327)
Exported shape 125/1598 DefineShape (chid: 328)
Exported shape 126/1598 DefineShape (chid: 329)
Exported shape 127/1598 DefineShape3 (chid: 330)
Exported shape 128/1598 DefineShape3 (chid: 332)
Exported shape 129/1598 DefineShape3 (chid: 334)
Exported shape 130/1598 DefineShape3 (chid: 335)
Exported shape 131/1598 DefineShape3 (chid: 336)
Exported shape 132/1598 DefineShape (chid: 337)
Exported shape 133/1598 DefineShape (chid: 338)
Exported shape 134/1598 DefineShape (chid: 339)
Exported shape 135/1598 DefineShape (chid: 340)
Exported shape 136/1598 DefineShape (chid: 341)
Exported shape 137/1598 DefineShape (chid: 342)
Exported shape 138/1598 DefineShape (chid: 343)
Exported shape 139/1598 DefineShape3 (chid: 344)
Exported shape 140/1598 DefineShape3 (chid: 345)
Exported shape 141/1598 DefineShape3 (chid: 346)
Exported shape 142/1598 DefineShape3 (chid: 347)
Exported shape 143/1598 DefineShape3 (chid: 348)
Exported shape 144/1598 DefineShape4 (chid: 350)
Exported shape 145/1598 DefineShape (chid: 351)
Exported shape 146/1598 DefineShape3 (chid: 353)
Exported shape 147/1598 DefineShape (chid: 354)
Exported shape 148/1598 DefineShape (chid: 355)
Exported shape 149/1598 DefineShape4 (chid: 358)
Exported shape 150/1598 DefineShape (chid: 359)
Exported shape 151/1598 DefineShape4 (chid: 363)
Exported shape 152/1598 DefineShape3 (chid: 365)
Exported shape 153/1598 DefineShape3 (chid: 366)
Exported shape 154/1598 DefineShape3 (chid: 367)
Exported shape 155/1598 DefineShape (chid: 368)
Exported shape 156/1598 DefineShape (chid: 369)
Exported shape 157/1598 DefineShape (chid: 370)
Exported shape 158/1598 DefineShape (chid: 371)
Exported shape 159/1598 DefineShape (chid: 372)
Exported shape 160/1598 DefineShape (chid: 373)
Exported shape 161/1598 DefineShape (chid: 374)
Exported shape 162/1598 DefineShape (chid: 375)
Exported shape 163/1598 DefineShape (chid: 376)
Exported shape 164/1598 DefineShape (chid: 377)
Exported shape 165/1598 DefineShape (chid: 378)
Exported shape 166/1598 DefineShape (chid: 379)
Exported shape 167/1598 DefineShape (chid: 380)
Exported shape 168/1598 DefineShape4 (chid: 381)
Exported shape 169/1598 DefineShape3 (chid: 383)
Exported shape 170/1598 DefineShape3 (chid: 385)
Exported shape 171/1598 DefineShape3 (chid: 387)
Exported shape 172/1598 DefineShape3 (chid: 388)
Exported shape 173/1598 DefineShape3 (chid: 389)
Exported shape 174/1598 DefineShape4 (chid: 391)
Exported shape 175/1598 DefineShape (chid: 396)
Exported shape 176/1598 DefineShape3 (chid: 398)
Exported shape 177/1598 DefineShape (chid: 400)
Exported shape 178/1598 DefineShape (chid: 402)
Exported shape 179/1598 DefineShape (chid: 404)
Exported shape 180/1598 DefineShape3 (chid: 406)
Exported shape 181/1598 DefineShape (chid: 407)
Exported shape 182/1598 DefineShape (chid: 409)
Exported shape 183/1598 DefineShape3 (chid: 411)
Exported shape 184/1598 DefineShape2 (chid: 414)
Exported shape 185/1598 DefineShape (chid: 416)
Exported shape 186/1598 DefineShape (chid: 418)
Exported shape 187/1598 DefineShape (chid: 422)
Exported shape 188/1598 DefineShape3 (chid: 424)
Exported shape 189/1598 DefineShape (chid: 426)
Exported shape 190/1598 DefineShape (chid: 427)
Exported shape 191/1598 DefineShape (chid: 428)
Exported shape 192/1598 DefineShape (chid: 429)
Exported shape 193/1598 DefineShape (chid: 430)
Exported shape 194/1598 DefineShape (chid: 431)
Exported shape 195/1598 DefineShape3 (chid: 432)
Exported shape 196/1598 DefineShape3 (chid: 433)
Exported shape 197/1598 DefineShape (chid: 434)
Exported shape 198/1598 DefineShape (chid: 435)
Exported shape 199/1598 DefineShape (chid: 436)
Exported shape 200/1598 DefineShape (chid: 437)
Exported shape 201/1598 DefineShape (chid: 438)
Exported shape 202/1598 DefineShape (chid: 439)
Exported shape 203/1598 DefineShape3 (chid: 440)
Exported shape 204/1598 DefineShape (chid: 441)
Exported shape 205/1598 DefineShape3 (chid: 443)
Exported shape 206/1598 DefineShape3 (chid: 444)
Exported shape 207/1598 DefineShape (chid: 445)
Exported shape 208/1598 DefineShape (chid: 446)
Exported shape 209/1598 DefineShape (chid: 447)
Exported shape 210/1598 DefineShape (chid: 448)
Exported shape 211/1598 DefineShape3 (chid: 449)
Exported shape 212/1598 DefineShape3 (chid: 450)
Exported shape 213/1598 DefineShape3 (chid: 451)
Exported shape 214/1598 DefineShape3 (chid: 452)
Exported shape 215/1598 DefineShape3 (chid: 453)
Exported shape 216/1598 DefineShape3 (chid: 454)
Exported shape 217/1598 DefineShape3 (chid: 456)
Exported shape 218/1598 DefineShape (chid: 458)
Exported shape 219/1598 DefineShape (chid: 459)
Exported shape 220/1598 DefineShape (chid: 460)
Exported shape 221/1598 DefineShape (chid: 461)
Exported shape 222/1598 DefineShape (chid: 462)
Exported shape 223/1598 DefineShape (chid: 463)
Exported shape 224/1598 DefineShape (chid: 464)
Exported shape 225/1598 DefineShape (chid: 466)
Exported shape 226/1598 DefineShape (chid: 467)
Exported shape 227/1598 DefineShape (chid: 468)
Exported shape 228/1598 DefineShape (chid: 469)
Exported shape 229/1598 DefineShape (chid: 470)
Exported shape 230/1598 DefineShape (chid: 471)
Exported shape 231/1598 DefineShape (chid: 472)
Exported shape 232/1598 DefineShape3 (chid: 475)
Exported shape 233/1598 DefineShape4 (chid: 477)
Exported shape 234/1598 DefineShape (chid: 479)
Exported shape 235/1598 DefineShape3 (chid: 481)
Exported shape 236/1598 DefineShape3 (chid: 482)
Exported shape 237/1598 DefineShape3 (chid: 483)
Exported shape 238/1598 DefineShape4 (chid: 486)
Exported shape 239/1598 DefineShape4 (chid: 488)
Exported shape 240/1598 DefineShape4 (chid: 490)
Exported shape 241/1598 DefineShape4 (chid: 492)
Exported shape 242/1598 DefineShape4 (chid: 495)
Exported shape 243/1598 DefineShape4 (chid: 497)
Exported shape 244/1598 DefineShape (chid: 499)
Exported shape 245/1598 DefineShape (chid: 500)
Exported shape 246/1598 DefineShape (chid: 502)
Exported shape 247/1598 DefineShape (chid: 503)
Exported shape 248/1598 DefineShape (chid: 504)
Exported shape 249/1598 DefineShape (chid: 505)
Exported shape 250/1598 DefineShape (chid: 506)
Exported shape 251/1598 DefineShape (chid: 508)
Exported shape 252/1598 DefineShape (chid: 509)
Exported shape 253/1598 DefineShape (chid: 510)
Exported shape 254/1598 DefineShape (chid: 512)
Exported shape 255/1598 DefineShape (chid: 515)
Exported shape 256/1598 DefineShape (chid: 517)
Exported shape 257/1598 DefineShape (chid: 518)
Exported shape 258/1598 DefineShape (chid: 519)
Exported shape 259/1598 DefineShape (chid: 520)
Exported shape 260/1598 DefineShape (chid: 521)
Exported shape 261/1598 DefineShape (chid: 522)
Exported shape 262/1598 DefineShape (chid: 523)
Exported shape 263/1598 DefineShape (chid: 524)
Exported shape 264/1598 DefineShape (chid: 525)
Exported shape 265/1598 DefineShape3 (chid: 527)
Exported shape 266/1598 DefineShape4 (chid: 529)
Exported shape 267/1598 DefineShape3 (chid: 531)
Exported shape 268/1598 DefineShape3 (chid: 532)
Exported shape 269/1598 DefineShape4 (chid: 535)
Exported shape 270/1598 DefineShape3 (chid: 537)
Exported shape 271/1598 DefineShape (chid: 539)
Exported shape 272/1598 DefineShape (chid: 541)
Exported shape 273/1598 DefineShape4 (chid: 543)
Exported shape 274/1598 DefineShape (chid: 544)
Exported shape 275/1598 DefineShape3 (chid: 547)
Exported shape 276/1598 DefineShape4 (chid: 549)
Exported shape 277/1598 DefineShape4 (chid: 551)
Exported shape 278/1598 DefineShape3 (chid: 553)
Exported shape 279/1598 DefineShape3 (chid: 554)
Exported shape 280/1598 DefineShape3 (chid: 556)
Exported shape 281/1598 DefineShape3 (chid: 557)
Exported shape 282/1598 DefineShape3 (chid: 559)
Exported shape 283/1598 DefineShape3 (chid: 560)
Exported shape 284/1598 DefineShape3 (chid: 562)
Exported shape 285/1598 DefineShape3 (chid: 563)
Exported shape 286/1598 DefineShape3 (chid: 564)
Exported shape 287/1598 DefineShape (chid: 568)
Exported shape 288/1598 DefineShape (chid: 569)
Exported shape 289/1598 DefineShape (chid: 570)
Exported shape 290/1598 DefineShape (chid: 571)
Exported shape 291/1598 DefineShape (chid: 572)
Exported shape 292/1598 DefineShape3 (chid: 574)
Exported shape 293/1598 DefineShape3 (chid: 575)
Exported shape 294/1598 DefineShape3 (chid: 576)
Exported shape 295/1598 DefineShape3 (chid: 577)
Exported shape 296/1598 DefineShape3 (chid: 579)
Exported shape 297/1598 DefineShape3 (chid: 580)
Exported shape 298/1598 DefineShape3 (chid: 581)
Exported shape 299/1598 DefineShape3 (chid: 582)
Exported shape 300/1598 DefineShape3 (chid: 583)
Exported shape 301/1598 DefineShape3 (chid: 584)
Exported shape 302/1598 DefineShape3 (chid: 585)
Exported shape 303/1598 DefineShape (chid: 587)
Exported shape 304/1598 DefineShape (chid: 588)
Exported shape 305/1598 DefineShape (chid: 589)
Exported shape 306/1598 DefineShape (chid: 590)
Exported shape 307/1598 DefineShape (chid: 591)
Exported shape 308/1598 DefineShape (chid: 592)
Exported shape 309/1598 DefineShape (chid: 593)
Exported shape 310/1598 DefineShape (chid: 595)
Exported shape 311/1598 DefineShape (chid: 597)
Exported shape 312/1598 DefineShape (chid: 598)
Exported shape 313/1598 DefineShape (chid: 599)
Exported shape 314/1598 DefineShape (chid: 600)
Exported shape 315/1598 DefineShape (chid: 601)
Exported shape 316/1598 DefineShape3 (chid: 603)
Exported shape 317/1598 DefineShape3 (chid: 604)
Exported shape 318/1598 DefineShape (chid: 606)
Exported shape 319/1598 DefineShape4 (chid: 608)
Exported shape 320/1598 DefineShape (chid: 610)
Exported shape 321/1598 DefineShape (chid: 612)
Exported shape 322/1598 DefineShape3 (chid: 614)
Exported shape 323/1598 DefineShape3 (chid: 615)
Exported shape 324/1598 DefineShape3 (chid: 616)
Exported shape 325/1598 DefineShape3 (chid: 617)
Exported shape 326/1598 DefineShape3 (chid: 618)
Exported shape 327/1598 DefineShape3 (chid: 619)
Exported shape 328/1598 DefineShape (chid: 620)
Exported shape 329/1598 DefineShape (chid: 622)
Exported shape 330/1598 DefineShape (chid: 623)
Exported shape 331/1598 DefineShape (chid: 624)
Exported shape 332/1598 DefineShape (chid: 625)
Exported shape 333/1598 DefineShape (chid: 626)
Exported shape 334/1598 DefineShape (chid: 627)
Exported shape 335/1598 DefineShape (chid: 628)
Exported shape 336/1598 DefineShape (chid: 629)
Exported shape 337/1598 DefineShape (chid: 630)
Exported shape 338/1598 DefineShape (chid: 631)
Exported shape 339/1598 DefineShape (chid: 632)
Exported shape 340/1598 DefineShape (chid: 633)
Exported shape 341/1598 DefineShape (chid: 634)
Exported shape 342/1598 DefineShape (chid: 635)
Exported shape 343/1598 DefineShape (chid: 636)
Exported shape 344/1598 DefineShape3 (chid: 639)
Exported shape 345/1598 DefineShape (chid: 641)
Exported shape 346/1598 DefineShape3 (chid: 643)
Exported shape 347/1598 DefineShape (chid: 646)
Exported shape 348/1598 DefineShape (chid: 648)
Exported shape 349/1598 DefineShape (chid: 650)
Exported shape 350/1598 DefineShape (chid: 652)
Exported shape 351/1598 DefineShape (chid: 654)
Exported shape 352/1598 DefineShape (chid: 656)
Exported shape 353/1598 DefineShape (chid: 658)
Exported shape 354/1598 DefineShape (chid: 660)
Exported shape 355/1598 DefineShape (chid: 662)
Exported shape 356/1598 DefineShape (chid: 664)
Exported shape 357/1598 DefineShape (chid: 666)
Exported shape 358/1598 DefineShape (chid: 668)
Exported shape 359/1598 DefineShape (chid: 670)
Exported shape 360/1598 DefineShape (chid: 672)
Exported shape 361/1598 DefineShape (chid: 674)
Exported shape 362/1598 DefineShape (chid: 676)
Exported shape 363/1598 DefineShape (chid: 678)
Exported shape 364/1598 DefineShape (chid: 680)
Exported shape 365/1598 DefineShape (chid: 682)
Exported shape 366/1598 DefineShape (chid: 683)
Exported shape 367/1598 DefineShape (chid: 684)
Exported shape 368/1598 DefineShape (chid: 685)
Exported shape 369/1598 DefineShape (chid: 686)
Exported shape 370/1598 DefineShape (chid: 687)
Exported shape 371/1598 DefineShape (chid: 688)
Exported shape 372/1598 DefineShape (chid: 689)
Exported shape 373/1598 DefineShape2 (chid: 690)
Exported shape 374/1598 DefineShape2 (chid: 691)
Exported shape 375/1598 DefineShape (chid: 692)
Exported shape 376/1598 DefineShape (chid: 693)
Exported shape 377/1598 DefineShape (chid: 694)
Exported shape 378/1598 DefineShape (chid: 695)
Exported shape 379/1598 DefineShape (chid: 696)
Exported shape 380/1598 DefineShape (chid: 697)
Exported shape 381/1598 DefineShape (chid: 698)
Exported shape 382/1598 DefineShape (chid: 699)
Exported shape 383/1598 DefineShape (chid: 700)
Exported shape 384/1598 DefineShape (chid: 701)
Exported shape 385/1598 DefineShape (chid: 702)
Exported shape 386/1598 DefineShape (chid: 703)
Exported shape 387/1598 DefineShape (chid: 706)
Exported shape 388/1598 DefineShape (chid: 707)
Exported shape 389/1598 DefineShape (chid: 708)
Exported shape 390/1598 DefineShape (chid: 710)
Exported shape 391/1598 DefineShape (chid: 711)
Exported shape 392/1598 DefineShape (chid: 713)
Exported shape 393/1598 DefineShape (chid: 715)
Exported shape 394/1598 DefineShape (chid: 717)
Exported shape 395/1598 DefineShape (chid: 720)
Exported shape 396/1598 DefineShape (chid: 722)
Exported shape 397/1598 DefineShape (chid: 724)
Exported shape 398/1598 DefineShape (chid: 727)
Exported shape 399/1598 DefineShape (chid: 729)
Exported shape 400/1598 DefineShape (chid: 731)
Exported shape 401/1598 DefineShape (chid: 733)
Exported shape 402/1598 DefineShape (chid: 735)
Exported shape 403/1598 DefineShape (chid: 737)
Exported shape 404/1598 DefineShape (chid: 739)
Exported shape 405/1598 DefineShape (chid: 741)
Exported shape 406/1598 DefineShape (chid: 743)
Exported shape 407/1598 DefineShape (chid: 745)
Exported shape 408/1598 DefineShape (chid: 747)
Exported shape 409/1598 DefineShape (chid: 749)
Exported shape 410/1598 DefineShape (chid: 751)
Exported shape 411/1598 DefineShape (chid: 753)
Exported shape 412/1598 DefineShape (chid: 755)
Exported shape 413/1598 DefineShape (chid: 757)
Exported shape 414/1598 DefineShape (chid: 759)
Exported shape 415/1598 DefineShape (chid: 761)
Exported shape 416/1598 DefineShape (chid: 763)
Exported shape 417/1598 DefineShape (chid: 765)
Exported shape 418/1598 DefineShape (chid: 767)
Exported shape 419/1598 DefineShape (chid: 769)
Exported shape 420/1598 DefineShape (chid: 771)
Exported shape 421/1598 DefineShape (chid: 773)
Exported shape 422/1598 DefineShape (chid: 775)
Exported shape 423/1598 DefineShape (chid: 777)
Exported shape 424/1598 DefineShape (chid: 779)
Exported shape 425/1598 DefineShape (chid: 782)
Exported shape 426/1598 DefineShape (chid: 785)
Exported shape 427/1598 DefineShape3 (chid: 788)
Exported shape 428/1598 DefineShape (chid: 789)
Exported shape 429/1598 DefineShape (chid: 790)
Exported shape 430/1598 DefineShape (chid: 791)
Exported shape 431/1598 DefineShape3 (chid: 793)
Exported shape 432/1598 DefineShape (chid: 794)
Exported shape 433/1598 DefineShape (chid: 795)
Exported shape 434/1598 DefineShape (chid: 796)
Exported shape 435/1598 DefineShape3 (chid: 797)
Exported shape 436/1598 DefineShape (chid: 798)
Exported shape 437/1598 DefineShape (chid: 799)
Exported shape 438/1598 DefineShape (chid: 800)
Exported shape 439/1598 DefineShape3 (chid: 801)
Exported shape 440/1598 DefineShape (chid: 802)
Exported shape 441/1598 DefineShape (chid: 803)
Exported shape 442/1598 DefineShape (chid: 804)
Exported shape 443/1598 DefineShape (chid: 805)
Exported shape 444/1598 DefineShape (chid: 806)
Exported shape 445/1598 DefineShape3 (chid: 807)
Exported shape 446/1598 DefineShape (chid: 808)
Exported shape 447/1598 DefineShape (chid: 809)
Exported shape 448/1598 DefineShape (chid: 810)
Exported shape 449/1598 DefineShape3 (chid: 811)
Exported shape 450/1598 DefineShape (chid: 812)
Exported shape 451/1598 DefineShape (chid: 813)
Exported shape 452/1598 DefineShape (chid: 814)
Exported shape 453/1598 DefineShape (chid: 815)
Exported shape 454/1598 DefineShape3 (chid: 816)
Exported shape 455/1598 DefineShape (chid: 817)
Exported shape 456/1598 DefineShape (chid: 818)
Exported shape 457/1598 DefineShape3 (chid: 819)
Exported shape 458/1598 DefineShape (chid: 820)
Exported shape 459/1598 DefineShape (chid: 821)
Exported shape 460/1598 DefineShape (chid: 822)
Exported shape 461/1598 DefineShape (chid: 823)
Exported shape 462/1598 DefineShape3 (chid: 824)
Exported shape 463/1598 DefineShape (chid: 825)
Exported shape 464/1598 DefineShape (chid: 826)
Exported shape 465/1598 DefineShape (chid: 827)
Exported shape 466/1598 DefineShape3 (chid: 828)
Exported shape 467/1598 DefineShape (chid: 829)
Exported shape 468/1598 DefineShape (chid: 830)
Exported shape 469/1598 DefineShape (chid: 831)
Exported shape 470/1598 DefineShape (chid: 832)
Exported shape 471/1598 DefineShape (chid: 833)
Exported shape 472/1598 DefineShape (chid: 834)
Exported shape 473/1598 DefineShape (chid: 835)
Exported shape 474/1598 DefineShape (chid: 836)
Exported shape 475/1598 DefineShape (chid: 837)
Exported shape 476/1598 DefineShape (chid: 838)
Exported shape 477/1598 DefineShape (chid: 839)
Exported shape 478/1598 DefineShape (chid: 840)
Exported shape 479/1598 DefineShape (chid: 841)
Exported shape 480/1598 DefineShape (chid: 844)
Exported shape 481/1598 DefineShape3 (chid: 845)
Exported shape 482/1598 DefineShape (chid: 846)
Exported shape 483/1598 DefineShape4 (chid: 847)
Exported shape 484/1598 DefineShape4 (chid: 848)
Exported shape 485/1598 DefineShape (chid: 849)
Exported shape 486/1598 DefineShape2 (chid: 850)
Exported shape 487/1598 DefineShape2 (chid: 851)
Exported shape 488/1598 DefineShape (chid: 852)
Exported shape 489/1598 DefineShape (chid: 853)
Exported shape 490/1598 DefineShape (chid: 854)
Exported shape 491/1598 DefineShape3 (chid: 855)
Exported shape 492/1598 DefineShape (chid: 856)
Exported shape 493/1598 DefineShape4 (chid: 857)
Exported shape 494/1598 DefineShape4 (chid: 858)
Exported shape 495/1598 DefineShape (chid: 859)
Exported shape 496/1598 DefineShape2 (chid: 860)
Exported shape 497/1598 DefineShape2 (chid: 862)
Exported shape 498/1598 DefineShape (chid: 863)
Exported shape 499/1598 DefineShape3 (chid: 864)
Exported shape 500/1598 DefineShape (chid: 865)
Exported shape 501/1598 DefineShape2 (chid: 866)
Exported shape 502/1598 DefineShape2 (chid: 867)
Exported shape 503/1598 DefineShape (chid: 868)
Exported shape 504/1598 DefineShape (chid: 869)
Exported shape 505/1598 DefineShape2 (chid: 870)
Exported shape 506/1598 DefineShape2 (chid: 871)
Exported shape 507/1598 DefineShape (chid: 872)
Exported shape 508/1598 DefineShape2 (chid: 873)
Exported shape 509/1598 DefineShape2 (chid: 874)
Exported shape 510/1598 DefineShape (chid: 875)
Exported shape 511/1598 DefineShape (chid: 876)
Exported shape 512/1598 DefineShape2 (chid: 877)
Exported shape 513/1598 DefineShape2 (chid: 878)
Exported shape 514/1598 DefineShape (chid: 879)
Exported shape 515/1598 DefineShape2 (chid: 880)
Exported shape 516/1598 DefineShape2 (chid: 881)
Exported shape 517/1598 DefineShape (chid: 882)
Exported shape 518/1598 DefineShape (chid: 883)
Exported shape 519/1598 DefineShape2 (chid: 884)
Exported shape 520/1598 DefineShape2 (chid: 885)
Exported shape 521/1598 DefineShape2 (chid: 886)
Exported shape 522/1598 DefineShape2 (chid: 887)
Exported shape 523/1598 DefineShape (chid: 888)
Exported shape 524/1598 DefineShape2 (chid: 889)
Exported shape 525/1598 DefineShape2 (chid: 890)
Exported shape 526/1598 DefineShape2 (chid: 891)
Exported shape 527/1598 DefineShape2 (chid: 892)
Exported shape 528/1598 DefineShape (chid: 893)
Exported shape 529/1598 DefineShape2 (chid: 894)
Exported shape 530/1598 DefineShape (chid: 895)
Exported shape 531/1598 DefineShape (chid: 896)
Exported shape 532/1598 DefineShape (chid: 897)
Exported shape 533/1598 DefineShape (chid: 898)
Exported shape 534/1598 DefineShape (chid: 899)
Exported shape 535/1598 DefineShape (chid: 900)
Exported shape 536/1598 DefineShape (chid: 901)
Exported shape 537/1598 DefineShape (chid: 902)
Exported shape 538/1598 DefineShape (chid: 903)
Exported shape 539/1598 DefineShape (chid: 904)
Exported shape 540/1598 DefineShape (chid: 905)
Exported shape 541/1598 DefineShape (chid: 906)
Exported shape 542/1598 DefineShape (chid: 907)
Exported shape 543/1598 DefineShape (chid: 908)
Exported shape 544/1598 DefineShape (chid: 909)
Exported shape 545/1598 DefineShape (chid: 910)
Exported shape 546/1598 DefineShape (chid: 911)
Exported shape 547/1598 DefineShape (chid: 912)
Exported shape 548/1598 DefineShape (chid: 913)
Exported shape 549/1598 DefineShape (chid: 914)
Exported shape 550/1598 DefineShape (chid: 915)
Exported shape 551/1598 DefineShape (chid: 916)
Exported shape 552/1598 DefineShape (chid: 917)
Exported shape 553/1598 DefineShape (chid: 918)
Exported shape 554/1598 DefineShape (chid: 920)
Exported shape 555/1598 DefineShape (chid: 921)
Exported shape 556/1598 DefineShape (chid: 922)
Exported shape 557/1598 DefineShape (chid: 923)
Exported shape 558/1598 DefineShape (chid: 924)
Exported shape 559/1598 DefineShape (chid: 925)
Exported shape 560/1598 DefineShape (chid: 926)
Exported shape 561/1598 DefineShape (chid: 927)
Exported shape 562/1598 DefineShape (chid: 928)
Exported shape 563/1598 DefineShape (chid: 929)
Exported shape 564/1598 DefineShape (chid: 930)
Exported shape 565/1598 DefineShape (chid: 931)
Exported shape 566/1598 DefineShape (chid: 932)
Exported shape 567/1598 DefineShape (chid: 933)
Exported shape 568/1598 DefineShape (chid: 934)
Exported shape 569/1598 DefineShape (chid: 935)
Exported shape 570/1598 DefineShape (chid: 936)
Exported shape 571/1598 DefineShape (chid: 937)
Exported shape 572/1598 DefineShape (chid: 938)
Exported shape 573/1598 DefineShape (chid: 939)
Exported shape 574/1598 DefineShape (chid: 940)
Exported shape 575/1598 DefineShape (chid: 941)
Exported shape 576/1598 DefineShape (chid: 942)
Exported shape 577/1598 DefineShape (chid: 943)
Exported shape 578/1598 DefineShape (chid: 944)
Exported shape 579/1598 DefineShape (chid: 945)
Exported shape 580/1598 DefineShape (chid: 946)
Exported shape 581/1598 DefineShape (chid: 947)
Exported shape 582/1598 DefineShape (chid: 948)
Exported shape 583/1598 DefineShape (chid: 949)
Exported shape 584/1598 DefineShape (chid: 950)
Exported shape 585/1598 DefineShape (chid: 951)
Exported shape 586/1598 DefineShape3 (chid: 952)
Exported shape 587/1598 DefineShape (chid: 955)
Exported shape 588/1598 DefineShape (chid: 956)
Exported shape 589/1598 DefineShape (chid: 957)
Exported shape 590/1598 DefineShape (chid: 958)
Exported shape 591/1598 DefineShape (chid: 959)
Exported shape 592/1598 DefineShape (chid: 960)
Exported shape 593/1598 DefineShape (chid: 961)
Exported shape 594/1598 DefineShape (chid: 962)
Exported shape 595/1598 DefineShape (chid: 963)
Exported shape 596/1598 DefineShape (chid: 964)
Exported shape 597/1598 DefineShape (chid: 965)
Exported shape 598/1598 DefineShape (chid: 966)
Exported shape 599/1598 DefineShape (chid: 967)
Exported shape 600/1598 DefineShape (chid: 968)
Exported shape 601/1598 DefineShape (chid: 969)
Exported shape 602/1598 DefineShape (chid: 970)
Exported shape 603/1598 DefineShape (chid: 971)
Exported shape 604/1598 DefineShape (chid: 972)
Exported shape 605/1598 DefineShape (chid: 975)
Exported shape 606/1598 DefineShape (chid: 976)
Exported shape 607/1598 DefineShape (chid: 977)
Exported shape 608/1598 DefineShape (chid: 978)
Exported shape 609/1598 DefineShape2 (chid: 979)
Exported shape 610/1598 DefineShape2 (chid: 980)
Exported shape 611/1598 DefineShape (chid: 981)
Exported shape 612/1598 DefineShape (chid: 982)
Exported shape 613/1598 DefineShape2 (chid: 983)
Exported shape 614/1598 DefineShape2 (chid: 984)
Exported shape 615/1598 DefineShape (chid: 985)
Exported shape 616/1598 DefineShape (chid: 986)
Exported shape 617/1598 DefineShape2 (chid: 987)
Exported shape 618/1598 DefineShape2 (chid: 988)
Exported shape 619/1598 DefineShape (chid: 989)
Exported shape 620/1598 DefineShape (chid: 990)
Exported shape 621/1598 DefineShape2 (chid: 991)
Exported shape 622/1598 DefineShape2 (chid: 992)
Exported shape 623/1598 DefineShape (chid: 993)
Exported shape 624/1598 DefineShape (chid: 994)
Exported shape 625/1598 DefineShape2 (chid: 995)
Exported shape 626/1598 DefineShape2 (chid: 996)
Exported shape 627/1598 DefineShape (chid: 997)
Exported shape 628/1598 DefineShape2 (chid: 998)
Exported shape 629/1598 DefineShape2 (chid: 999)
Exported shape 630/1598 DefineShape (chid: 1000)
Exported shape 631/1598 DefineShape (chid: 1001)
Exported shape 632/1598 DefineShape2 (chid: 1002)
Exported shape 633/1598 DefineShape2 (chid: 1003)
Exported shape 634/1598 DefineShape (chid: 1004)
Exported shape 635/1598 DefineShape2 (chid: 1005)
Exported shape 636/1598 DefineShape2 (chid: 1006)
Exported shape 637/1598 DefineShape (chid: 1007)
Exported shape 638/1598 DefineShape (chid: 1008)
Exported shape 639/1598 DefineShape (chid: 1009)
Exported shape 640/1598 DefineShape (chid: 1010)
Exported shape 641/1598 DefineShape (chid: 1011)
Exported shape 642/1598 DefineShape (chid: 1012)
Exported shape 643/1598 DefineShape (chid: 1013)
Exported shape 644/1598 DefineShape (chid: 1014)
Exported shape 645/1598 DefineShape (chid: 1015)
Exported shape 646/1598 DefineShape2 (chid: 1016)
Exported shape 647/1598 DefineShape (chid: 1018)
Exported shape 648/1598 DefineShape (chid: 1019)
Exported shape 649/1598 DefineShape (chid: 1020)
Exported shape 650/1598 DefineShape (chid: 1021)
Exported shape 651/1598 DefineShape (chid: 1022)
Exported shape 652/1598 DefineShape (chid: 1023)
Exported shape 653/1598 DefineShape (chid: 1024)
Exported shape 654/1598 DefineShape (chid: 1026)
Exported shape 655/1598 DefineShape (chid: 1029)
Exported shape 656/1598 DefineShape (chid: 1032)
Exported shape 657/1598 DefineShape (chid: 1034)
Exported shape 658/1598 DefineShape (chid: 1036)
Exported shape 659/1598 DefineShape (chid: 1039)
Exported shape 660/1598 DefineShape (chid: 1042)
Exported shape 661/1598 DefineShape (chid: 1044)
Exported shape 662/1598 DefineShape (chid: 1046)
Exported shape 663/1598 DefineShape (chid: 1048)
Exported shape 664/1598 DefineShape (chid: 1050)
Exported shape 665/1598 DefineShape (chid: 1053)
Exported shape 666/1598 DefineShape (chid: 1056)
Exported shape 667/1598 DefineShape (chid: 1062)
Exported shape 668/1598 DefineShape2 (chid: 1066)
Exported shape 669/1598 DefineShape (chid: 1067)
Exported shape 670/1598 DefineShape2 (chid: 1068)
Exported shape 671/1598 DefineShape (chid: 1069)
Exported shape 672/1598 DefineShape (chid: 1070)
Exported shape 673/1598 DefineShape (chid: 1071)
Exported shape 674/1598 DefineShape (chid: 1072)
Exported shape 675/1598 DefineShape (chid: 1073)
Exported shape 676/1598 DefineShape (chid: 1074)
Exported shape 677/1598 DefineShape (chid: 1075)
Exported shape 678/1598 DefineShape (chid: 1076)
Exported shape 679/1598 DefineShape (chid: 1077)
Exported shape 680/1598 DefineShape (chid: 1078)
Exported shape 681/1598 DefineShape (chid: 1079)
Exported shape 682/1598 DefineShape (chid: 1080)
Exported shape 683/1598 DefineShape (chid: 1086)
Exported shape 684/1598 DefineShape (chid: 1087)
Exported shape 685/1598 DefineShape (chid: 1088)
Exported shape 686/1598 DefineShape (chid: 1089)
Exported shape 687/1598 DefineShape (chid: 1090)
Exported shape 688/1598 DefineShape (chid: 1091)
Exported shape 689/1598 DefineShape (chid: 1092)
Exported shape 690/1598 DefineShape (chid: 1093)
Exported shape 691/1598 DefineShape (chid: 1094)
Exported shape 692/1598 DefineShape (chid: 1095)
Exported shape 693/1598 DefineShape (chid: 1096)
Exported shape 694/1598 DefineShape (chid: 1097)
Exported shape 695/1598 DefineShape (chid: 1098)
Exported shape 696/1598 DefineShape (chid: 1099)
Exported shape 697/1598 DefineShape (chid: 1100)
Exported shape 698/1598 DefineShape (chid: 1101)
Exported shape 699/1598 DefineShape (chid: 1102)
Exported shape 700/1598 DefineShape (chid: 1103)
Exported shape 701/1598 DefineShape (chid: 1104)
Exported shape 702/1598 DefineShape (chid: 1105)
Exported shape 703/1598 DefineShape (chid: 1106)
Exported shape 704/1598 DefineShape (chid: 1107)
Exported shape 705/1598 DefineShape (chid: 1108)
Exported shape 706/1598 DefineShape (chid: 1109)
Exported shape 707/1598 DefineShape (chid: 1111)
Exported shape 708/1598 DefineShape3 (chid: 1113)
Exported shape 709/1598 DefineShape (chid: 1115)
Exported shape 710/1598 DefineShape (chid: 1116)
Exported shape 711/1598 DefineShape (chid: 1118)
Exported shape 712/1598 DefineShape (chid: 1120)
Exported shape 713/1598 DefineShape3 (chid: 1122)
Exported shape 714/1598 DefineShape (chid: 1124)
Exported shape 715/1598 DefineShape (chid: 1125)
Exported shape 716/1598 DefineShape (chid: 1127)
Exported shape 717/1598 DefineShape (chid: 1129)
Exported shape 718/1598 DefineShape (chid: 1131)
Exported shape 719/1598 DefineShape (chid: 1133)
Exported shape 720/1598 DefineShape (chid: 1135)
Exported shape 721/1598 DefineShape (chid: 1137)
Exported shape 722/1598 DefineShape3 (chid: 1139)
Exported shape 723/1598 DefineShape (chid: 1141)
Exported shape 724/1598 DefineShape (chid: 1142)
Exported shape 725/1598 DefineShape (chid: 1144)
Exported shape 726/1598 DefineShape (chid: 1146)
Exported shape 727/1598 DefineShape (chid: 1147)
Exported shape 728/1598 DefineShape (chid: 1149)
Exported shape 729/1598 DefineShape (chid: 1150)
Exported shape 730/1598 DefineShape (chid: 1152)
Exported shape 731/1598 DefineShape (chid: 1154)
Exported shape 732/1598 DefineShape (chid: 1156)
Exported shape 733/1598 DefineShape3 (chid: 1159)
Exported shape 734/1598 DefineShape4 (chid: 1161)
Exported shape 735/1598 DefineShape4 (chid: 1162)
Exported shape 736/1598 DefineShape4 (chid: 1163)
Exported shape 737/1598 DefineShape3 (chid: 1164)
Exported shape 738/1598 DefineShape (chid: 1166)
Exported shape 739/1598 DefineShape3 (chid: 1167)
Exported shape 740/1598 DefineShape4 (chid: 1170)
Exported shape 741/1598 DefineShape (chid: 1172)
Exported shape 742/1598 DefineShape (chid: 1174)
Exported shape 743/1598 DefineShape3 (chid: 1176)
Exported shape 744/1598 DefineShape (chid: 1178)
Exported shape 745/1598 DefineShape (chid: 1180)
Exported shape 746/1598 DefineShape (chid: 1181)
Exported shape 747/1598 DefineShape (chid: 1182)
Exported shape 748/1598 DefineShape (chid: 1183)
Exported shape 749/1598 DefineShape (chid: 1184)
Exported shape 750/1598 DefineShape (chid: 1185)
Exported shape 751/1598 DefineShape (chid: 1186)
Exported shape 752/1598 DefineShape (chid: 1187)
Exported shape 753/1598 DefineShape (chid: 1189)
Exported shape 754/1598 DefineShape (chid: 1192)
Exported shape 755/1598 DefineShape (chid: 1193)
Exported shape 756/1598 DefineShape (chid: 1194)
Exported shape 757/1598 DefineShape (chid: 1196)
Exported shape 758/1598 DefineShape (chid: 1197)
Exported shape 759/1598 DefineShape (chid: 1199)
Exported shape 760/1598 DefineShape3 (chid: 1201)
Exported shape 761/1598 DefineShape (chid: 1203)
Exported shape 762/1598 DefineShape2 (chid: 1204)
Exported shape 763/1598 DefineShape (chid: 1205)
Exported shape 764/1598 DefineShape (chid: 1206)
Exported shape 765/1598 DefineShape (chid: 1208)
Exported shape 766/1598 DefineShape2 (chid: 1210)
Exported shape 767/1598 DefineShape (chid: 1211)
Exported shape 768/1598 DefineShape (chid: 1213)
Exported shape 769/1598 DefineShape2 (chid: 1215)
Exported shape 770/1598 DefineShape (chid: 1216)
Exported shape 771/1598 DefineShape (chid: 1218)
Exported shape 772/1598 DefineShape (chid: 1220)
Exported shape 773/1598 DefineShape3 (chid: 1222)
Exported shape 774/1598 DefineShape (chid: 1224)
Exported shape 775/1598 DefineShape2 (chid: 1225)
Exported shape 776/1598 DefineShape (chid: 1226)
Exported shape 777/1598 DefineShape (chid: 1228)
Exported shape 778/1598 DefineShape (chid: 1230)
Exported shape 779/1598 DefineShape (chid: 1231)
Exported shape 780/1598 DefineShape (chid: 1232)
Exported shape 781/1598 DefineShape (chid: 1234)
Exported shape 782/1598 DefineShape (chid: 1235)
Exported shape 783/1598 DefineShape (chid: 1237)
Exported shape 784/1598 DefineShape (chid: 1238)
Exported shape 785/1598 DefineShape (chid: 1239)
Exported shape 786/1598 DefineShape (chid: 1240)
Exported shape 787/1598 DefineShape (chid: 1241)
Exported shape 788/1598 DefineShape (chid: 1242)
Exported shape 789/1598 DefineShape (chid: 1243)
Exported shape 790/1598 DefineShape (chid: 1244)
Exported shape 791/1598 DefineShape (chid: 1245)
Exported shape 792/1598 DefineShape (chid: 1246)
Exported shape 793/1598 DefineShape (chid: 1247)
Exported shape 794/1598 DefineShape (chid: 1249)
Exported shape 795/1598 DefineShape4 (chid: 1252)
Exported shape 796/1598 DefineShape4 (chid: 1254)
Exported shape 797/1598 DefineShape4 (chid: 1256)
Exported shape 798/1598 DefineShape4 (chid: 1258)
Exported shape 799/1598 DefineShape (chid: 1262)
Exported shape 800/1598 DefineShape (chid: 1263)
Exported shape 801/1598 DefineShape (chid: 1265)
Exported shape 802/1598 DefineShape (chid: 1266)
Exported shape 803/1598 DefineShape (chid: 1267)
Exported shape 804/1598 DefineShape (chid: 1268)
Exported shape 805/1598 DefineShape (chid: 1269)
Exported shape 806/1598 DefineShape3 (chid: 1272)
Exported shape 807/1598 DefineShape (chid: 1273)
Exported shape 808/1598 DefineShape3 (chid: 1274)
Exported shape 809/1598 DefineShape3 (chid: 1275)
Exported shape 810/1598 DefineShape (chid: 1276)
Exported shape 811/1598 DefineShape (chid: 1277)
Exported shape 812/1598 DefineShape (chid: 1278)
Exported shape 813/1598 DefineShape (chid: 1279)
Exported shape 814/1598 DefineShape (chid: 1280)
Exported shape 815/1598 DefineShape (chid: 1281)
Exported shape 816/1598 DefineShape (chid: 1282)
Exported shape 817/1598 DefineShape (chid: 1283)
Exported shape 818/1598 DefineShape (chid: 1284)
Exported shape 819/1598 DefineShape2 (chid: 1285)
Exported shape 820/1598 DefineShape2 (chid: 1286)
Exported shape 821/1598 DefineShape2 (chid: 1287)
Exported shape 822/1598 DefineShape2 (chid: 1288)
Exported shape 823/1598 DefineShape3 (chid: 1289)
Exported shape 824/1598 DefineShape3 (chid: 1290)
Exported shape 825/1598 DefineShape3 (chid: 1291)
Exported shape 826/1598 DefineShape (chid: 1293)
Exported shape 827/1598 DefineShape (chid: 1294)
Exported shape 828/1598 DefineShape (chid: 1295)
Exported shape 829/1598 DefineShape3 (chid: 1296)
Exported shape 830/1598 DefineShape (chid: 1297)
Exported shape 831/1598 DefineShape2 (chid: 1299)
Exported shape 832/1598 DefineShape2 (chid: 1300)
Exported shape 833/1598 DefineShape (chid: 1301)
Exported shape 834/1598 DefineShape2 (chid: 1302)
Exported shape 835/1598 DefineShape3 (chid: 1303)
Exported shape 836/1598 DefineShape2 (chid: 1305)
Exported shape 837/1598 DefineShape3 (chid: 1306)
Exported shape 838/1598 DefineShape2 (chid: 1307)
Exported shape 839/1598 DefineShape2 (chid: 1308)
Exported shape 840/1598 DefineShape3 (chid: 1309)
Exported shape 841/1598 DefineShape (chid: 1310)
Exported shape 842/1598 DefineShape2 (chid: 1311)
Exported shape 843/1598 DefineShape2 (chid: 1312)
Exported shape 844/1598 DefineShape (chid: 1313)
Exported shape 845/1598 DefineShape2 (chid: 1314)
Exported shape 846/1598 DefineShape2 (chid: 1315)
Exported shape 847/1598 DefineShape2 (chid: 1316)
Exported shape 848/1598 DefineShape2 (chid: 1317)
Exported shape 849/1598 DefineShape (chid: 1318)
Exported shape 850/1598 DefineShape3 (chid: 1319)
Exported shape 851/1598 DefineShape (chid: 1320)
Exported shape 852/1598 DefineShape3 (chid: 1322)
Exported shape 853/1598 DefineShape3 (chid: 1323)
Exported shape 854/1598 DefineShape2 (chid: 1324)
Exported shape 855/1598 DefineShape (chid: 1325)
Exported shape 856/1598 DefineShape3 (chid: 1326)
Exported shape 857/1598 DefineShape3 (chid: 1327)
Exported shape 858/1598 DefineShape2 (chid: 1328)
Exported shape 859/1598 DefineShape (chid: 1329)
Exported shape 860/1598 DefineShape3 (chid: 1330)
Exported shape 861/1598 DefineShape3 (chid: 1331)
Exported shape 862/1598 DefineShape2 (chid: 1332)
Exported shape 863/1598 DefineShape3 (chid: 1333)
Exported shape 864/1598 DefineShape3 (chid: 1334)
Exported shape 865/1598 DefineShape3 (chid: 1335)
Exported shape 866/1598 DefineShape2 (chid: 1336)
Exported shape 867/1598 DefineShape3 (chid: 1337)
Exported shape 868/1598 DefineShape3 (chid: 1338)
Exported shape 869/1598 DefineShape3 (chid: 1339)
Exported shape 870/1598 DefineShape2 (chid: 1340)
Exported shape 871/1598 DefineShape (chid: 1341)
Exported shape 872/1598 DefineShape3 (chid: 1342)
Exported shape 873/1598 DefineShape3 (chid: 1343)
Exported shape 874/1598 DefineShape2 (chid: 1344)
Exported shape 875/1598 DefineShape (chid: 1345)
Exported shape 876/1598 DefineShape2 (chid: 1346)
Exported shape 877/1598 DefineShape2 (chid: 1347)
Exported shape 878/1598 DefineShape2 (chid: 1348)
Exported shape 879/1598 DefineShape2 (chid: 1349)
Exported shape 880/1598 DefineShape2 (chid: 1350)
Exported shape 881/1598 DefineShape2 (chid: 1351)
Exported shape 882/1598 DefineShape2 (chid: 1352)
Exported shape 883/1598 DefineShape2 (chid: 1353)
Exported shape 884/1598 DefineShape2 (chid: 1354)
Exported shape 885/1598 DefineShape2 (chid: 1355)
Exported shape 886/1598 DefineShape (chid: 1361)
Exported shape 887/1598 DefineShape2 (chid: 1362)
Exported shape 888/1598 DefineShape (chid: 1363)
Exported shape 889/1598 DefineShape (chid: 1364)
Exported shape 890/1598 DefineShape (chid: 1365)
Exported shape 891/1598 DefineShape (chid: 1366)
Exported shape 892/1598 DefineShape (chid: 1367)
Exported shape 893/1598 DefineShape (chid: 1368)
Exported shape 894/1598 DefineShape (chid: 1369)
Exported shape 895/1598 DefineShape (chid: 1370)
Exported shape 896/1598 DefineShape (chid: 1371)
Exported shape 897/1598 DefineShape (chid: 1372)
Exported shape 898/1598 DefineShape (chid: 1374)
Exported shape 899/1598 DefineShape (chid: 1377)
Exported shape 900/1598 DefineShape (chid: 1378)
Exported shape 901/1598 DefineShape (chid: 1380)
Exported shape 902/1598 DefineShape (chid: 1382)
Exported shape 903/1598 DefineShape (chid: 1383)
Exported shape 904/1598 DefineShape (chid: 1385)
Exported shape 905/1598 DefineShape (chid: 1387)
Exported shape 906/1598 DefineShape (chid: 1388)
Exported shape 907/1598 DefineShape (chid: 1389)
Exported shape 908/1598 DefineShape (chid: 1391)
Exported shape 909/1598 DefineShape (chid: 1393)
Exported shape 910/1598 DefineShape (chid: 1395)
Exported shape 911/1598 DefineShape (chid: 1397)
Exported shape 912/1598 DefineShape (chid: 1399)
Exported shape 913/1598 DefineShape (chid: 1401)
Exported shape 914/1598 DefineShape (chid: 1402)
Exported shape 915/1598 DefineShape (chid: 1404)
Exported shape 916/1598 DefineShape (chid: 1406)
Exported shape 917/1598 DefineShape (chid: 1408)
Exported shape 918/1598 DefineShape (chid: 1410)
Exported shape 919/1598 DefineShape (chid: 1412)
Exported shape 920/1598 DefineShape (chid: 1415)
Exported shape 921/1598 DefineShape (chid: 1417)
Exported shape 922/1598 DefineShape (chid: 1422)
Exported shape 923/1598 DefineShape (chid: 1423)
Exported shape 924/1598 DefineShape (chid: 1424)
Exported shape 925/1598 DefineShape (chid: 1425)
Exported shape 926/1598 DefineShape (chid: 1426)
Exported shape 927/1598 DefineShape (chid: 1427)
Exported shape 928/1598 DefineShape (chid: 1428)
Exported shape 929/1598 DefineShape (chid: 1429)
Exported shape 930/1598 DefineShape (chid: 1430)
Exported shape 931/1598 DefineShape (chid: 1431)
Exported shape 932/1598 DefineShape (chid: 1432)
Exported shape 933/1598 DefineShape (chid: 1433)
Exported shape 934/1598 DefineShape (chid: 1434)
Exported shape 935/1598 DefineShape (chid: 1435)
Exported shape 936/1598 DefineShape (chid: 1436)
Exported shape 937/1598 DefineShape (chid: 1437)
Exported shape 938/1598 DefineShape (chid: 1438)
Exported shape 939/1598 DefineShape (chid: 1439)
Exported shape 940/1598 DefineShape (chid: 1440)
Exported shape 941/1598 DefineShape (chid: 1441)
Exported shape 942/1598 DefineShape (chid: 1442)
Exported shape 943/1598 DefineShape (chid: 1443)
Exported shape 944/1598 DefineShape (chid: 1444)
Exported shape 945/1598 DefineShape (chid: 1445)
Exported shape 946/1598 DefineShape (chid: 1446)
Exported shape 947/1598 DefineShape (chid: 1447)
Exported shape 948/1598 DefineShape (chid: 1448)
Exported shape 949/1598 DefineShape (chid: 1449)
Exported shape 950/1598 DefineShape (chid: 1450)
Exported shape 951/1598 DefineShape (chid: 1451)
Exported shape 952/1598 DefineShape (chid: 1452)
Exported shape 953/1598 DefineShape (chid: 1453)
Exported shape 954/1598 DefineShape (chid: 1454)
Exported shape 955/1598 DefineShape (chid: 1455)
Exported shape 956/1598 DefineShape (chid: 1456)
Exported shape 957/1598 DefineShape (chid: 1457)
Exported shape 958/1598 DefineShape (chid: 1458)
Exported shape 959/1598 DefineShape (chid: 1459)
Exported shape 960/1598 DefineShape (chid: 1460)
Exported shape 961/1598 DefineShape (chid: 1461)
Exported shape 962/1598 DefineShape (chid: 1462)
Exported shape 963/1598 DefineShape (chid: 1463)
Exported shape 964/1598 DefineShape (chid: 1464)
Exported shape 965/1598 DefineShape (chid: 1465)
Exported shape 966/1598 DefineShape (chid: 1466)
Exported shape 967/1598 DefineShape (chid: 1467)
Exported shape 968/1598 DefineShape (chid: 1468)
Exported shape 969/1598 DefineShape (chid: 1470)
Exported shape 970/1598 DefineShape (chid: 1471)
Exported shape 971/1598 DefineShape (chid: 1473)
Exported shape 972/1598 DefineShape (chid: 1475)
Exported shape 973/1598 DefineShape (chid: 1476)
Exported shape 974/1598 DefineShape (chid: 1478)
Exported shape 975/1598 DefineShape (chid: 1479)
Exported shape 976/1598 DefineShape (chid: 1481)
Exported shape 977/1598 DefineShape (chid: 1482)
Exported shape 978/1598 DefineShape (chid: 1483)
Exported shape 979/1598 DefineShape (chid: 1485)
Exported shape 980/1598 DefineShape (chid: 1486)
Exported shape 981/1598 DefineShape (chid: 1488)
Exported shape 982/1598 DefineShape (chid: 1489)
Exported shape 983/1598 DefineShape (chid: 1491)
Exported shape 984/1598 DefineShape (chid: 1493)
Exported shape 985/1598 DefineShape (chid: 1494)
Exported shape 986/1598 DefineShape (chid: 1496)
Exported shape 987/1598 DefineShape (chid: 1498)
Exported shape 988/1598 DefineShape (chid: 1499)
Exported shape 989/1598 DefineShape (chid: 1501)
Exported shape 990/1598 DefineShape (chid: 1503)
Exported shape 991/1598 DefineShape (chid: 1505)
Exported shape 992/1598 DefineShape (chid: 1507)
Exported shape 993/1598 DefineShape (chid: 1509)
Exported shape 994/1598 DefineShape (chid: 1511)
Exported shape 995/1598 DefineShape (chid: 1513)
Exported shape 996/1598 DefineShape3 (chid: 1514)
Exported shape 997/1598 DefineShape (chid: 1515)
Exported shape 998/1598 DefineShape3 (chid: 1516)
Exported shape 999/1598 DefineShape (chid: 1517)
Exported shape 1000/1598 DefineShape3 (chid: 1518)
Exported shape 1001/1598 DefineShape (chid: 1519)
Exported shape 1002/1598 DefineShape (chid: 1520)
Exported shape 1003/1598 DefineShape (chid: 1521)
Exported shape 1004/1598 DefineShape (chid: 1522)
Exported shape 1005/1598 DefineShape (chid: 1523)
Exported shape 1006/1598 DefineShape (chid: 1524)
Exported shape 1007/1598 DefineShape (chid: 1525)
Exported shape 1008/1598 DefineShape (chid: 1526)
Exported shape 1009/1598 DefineShape (chid: 1527)
Exported shape 1010/1598 DefineShape (chid: 1528)
Exported shape 1011/1598 DefineShape (chid: 1529)
Exported shape 1012/1598 DefineShape3 (chid: 1530)
Exported shape 1013/1598 DefineShape3 (chid: 1531)
Exported shape 1014/1598 DefineShape3 (chid: 1532)
Exported shape 1015/1598 DefineShape3 (chid: 1535)
Exported shape 1016/1598 DefineShape3 (chid: 1537)
Exported shape 1017/1598 DefineShape3 (chid: 1538)
Exported shape 1018/1598 DefineShape3 (chid: 1539)
Exported shape 1019/1598 DefineShape3 (chid: 1542)
Exported shape 1020/1598 DefineShape3 (chid: 1543)
Exported shape 1021/1598 DefineShape3 (chid: 1545)
Exported shape 1022/1598 DefineShape3 (chid: 1547)
Exported shape 1023/1598 DefineShape (chid: 1549)
Exported shape 1024/1598 DefineShape (chid: 1550)
Exported shape 1025/1598 DefineShape (chid: 1551)
Exported shape 1026/1598 DefineShape (chid: 1552)
Exported shape 1027/1598 DefineShape (chid: 1553)
Exported shape 1028/1598 DefineShape (chid: 1554)
Exported shape 1029/1598 DefineShape (chid: 1555)
Exported shape 1030/1598 DefineShape (chid: 1556)
Exported shape 1031/1598 DefineShape (chid: 1557)
Exported shape 1032/1598 DefineShape (chid: 1558)
Exported shape 1033/1598 DefineShape (chid: 1559)
Exported shape 1034/1598 DefineShape (chid: 1560)
Exported shape 1035/1598 DefineShape (chid: 1561)
Exported shape 1036/1598 DefineShape (chid: 1562)
Exported shape 1037/1598 DefineShape (chid: 1563)
Exported shape 1038/1598 DefineShape (chid: 1564)
Exported shape 1039/1598 DefineShape (chid: 1565)
Exported shape 1040/1598 DefineShape (chid: 1566)
Exported shape 1041/1598 DefineShape (chid: 1567)
Exported shape 1042/1598 DefineShape (chid: 1568)
Exported shape 1043/1598 DefineShape (chid: 1569)
Exported shape 1044/1598 DefineShape (chid: 1570)
Exported shape 1045/1598 DefineShape (chid: 1571)
Exported shape 1046/1598 DefineShape (chid: 1572)
Exported shape 1047/1598 DefineShape4 (chid: 1573)
Exported shape 1048/1598 DefineShape4 (chid: 1576)
Exported shape 1049/1598 DefineShape4 (chid: 1580)
Exported shape 1050/1598 DefineShape4 (chid: 1584)
Exported shape 1051/1598 DefineShape3 (chid: 1588)
Exported shape 1052/1598 DefineShape (chid: 1592)
Exported shape 1053/1598 DefineShape (chid: 1593)
Exported shape 1054/1598 DefineShape (chid: 1594)
Exported shape 1055/1598 DefineShape (chid: 1595)
Exported shape 1056/1598 DefineShape (chid: 1596)
Exported shape 1057/1598 DefineShape (chid: 1597)
Exported shape 1058/1598 DefineShape (chid: 1598)
Exported shape 1059/1598 DefineShape (chid: 1599)
Exported shape 1060/1598 DefineShape (chid: 1600)
Exported shape 1061/1598 DefineShape (chid: 1601)
Exported shape 1062/1598 DefineShape (chid: 1602)
Exported shape 1063/1598 DefineShape (chid: 1605)
Exported shape 1064/1598 DefineShape (chid: 1607)
Exported shape 1065/1598 DefineShape (chid: 1610)
Exported shape 1066/1598 DefineShape (chid: 1613)
Exported shape 1067/1598 DefineShape (chid: 1614)
Exported shape 1068/1598 DefineShape (chid: 1616)
Exported shape 1069/1598 DefineShape (chid: 1618)
Exported shape 1070/1598 DefineShape (chid: 1620)
Exported shape 1071/1598 DefineShape3 (chid: 1624)
Exported shape 1072/1598 DefineShape3 (chid: 1626)
Exported shape 1073/1598 DefineShape2 (chid: 1630)
Exported shape 1074/1598 DefineShape (chid: 1631)
Exported shape 1075/1598 DefineShape (chid: 1632)
Exported shape 1076/1598 DefineShape (chid: 1633)
Exported shape 1077/1598 DefineShape (chid: 1634)
Exported shape 1078/1598 DefineShape (chid: 1635)
Exported shape 1079/1598 DefineShape2 (chid: 1636)
Exported shape 1080/1598 DefineShape (chid: 1637)
Exported shape 1081/1598 DefineShape2 (chid: 1638)
Exported shape 1082/1598 DefineShape (chid: 1639)
Exported shape 1083/1598 DefineShape (chid: 1640)
Exported shape 1084/1598 DefineShape (chid: 1641)
Exported shape 1085/1598 DefineShape (chid: 1642)
Exported shape 1086/1598 DefineShape (chid: 1643)
Exported shape 1087/1598 DefineShape (chid: 1644)
Exported shape 1088/1598 DefineShape (chid: 1645)
Exported shape 1089/1598 DefineShape (chid: 1646)
Exported shape 1090/1598 DefineShape (chid: 1650)
Exported shape 1091/1598 DefineShape3 (chid: 1653)
Exported shape 1092/1598 DefineShape3 (chid: 1654)
Exported shape 1093/1598 DefineShape4 (chid: 1655)
Exported shape 1094/1598 DefineShape (chid: 1658)
Exported shape 1095/1598 DefineShape3 (chid: 1660)
Exported shape 1096/1598 DefineShape (chid: 1661)
Exported shape 1097/1598 DefineShape (chid: 1665)
Exported shape 1098/1598 DefineShape3 (chid: 1667)
Exported shape 1099/1598 DefineShape (chid: 1668)
Exported shape 1100/1598 DefineShape (chid: 1671)
Exported shape 1101/1598 DefineShape (chid: 1673)
Exported shape 1102/1598 DefineShape3 (chid: 1675)
Exported shape 1103/1598 DefineShape (chid: 1676)
Exported shape 1104/1598 DefineShape (chid: 1678)
Exported shape 1105/1598 DefineShape (chid: 1681)
Exported shape 1106/1598 DefineShape (chid: 1684)
Exported shape 1107/1598 DefineShape (chid: 1687)
Exported shape 1108/1598 DefineShape (chid: 1690)
Exported shape 1109/1598 DefineShape (chid: 1692)
Exported shape 1110/1598 DefineShape (chid: 1694)
Exported shape 1111/1598 DefineShape (chid: 1697)
Exported shape 1112/1598 DefineShape (chid: 1699)
Exported shape 1113/1598 DefineShape (chid: 1702)
Exported shape 1114/1598 DefineShape (chid: 1705)
Exported shape 1115/1598 DefineShape (chid: 1711)
Exported shape 1116/1598 DefineShape3 (chid: 1712)
Exported shape 1117/1598 DefineShape2 (chid: 1713)
Exported shape 1118/1598 DefineShape3 (chid: 1714)
Exported shape 1119/1598 DefineShape2 (chid: 1715)
Exported shape 1120/1598 DefineShape (chid: 1716)
Exported shape 1121/1598 DefineShape3 (chid: 1717)
Exported shape 1122/1598 DefineShape2 (chid: 1718)
Exported shape 1123/1598 DefineShape (chid: 1719)
Exported shape 1124/1598 DefineShape (chid: 1720)
Exported shape 1125/1598 DefineShape (chid: 1721)
Exported shape 1126/1598 DefineShape (chid: 1722)
Exported shape 1127/1598 DefineShape (chid: 1723)
Exported shape 1128/1598 DefineShape2 (chid: 1724)
Exported shape 1129/1598 DefineShape (chid: 1725)
Exported shape 1130/1598 DefineShape (chid: 1726)
Exported shape 1131/1598 DefineShape2 (chid: 1727)
Exported shape 1132/1598 DefineShape (chid: 1728)
Exported shape 1133/1598 DefineShape (chid: 1729)
Exported shape 1134/1598 DefineShape (chid: 1730)
Exported shape 1135/1598 DefineShape2 (chid: 1731)
Exported shape 1136/1598 DefineShape (chid: 1732)
Exported shape 1137/1598 DefineShape2 (chid: 1733)
Exported shape 1138/1598 DefineShape (chid: 1734)
Exported shape 1139/1598 DefineShape2 (chid: 1735)
Exported shape 1140/1598 DefineShape (chid: 1736)
Exported shape 1141/1598 DefineShape (chid: 1737)
Exported shape 1142/1598 DefineShape2 (chid: 1738)
Exported shape 1143/1598 DefineShape (chid: 1739)
Exported shape 1144/1598 DefineShape (chid: 1740)
Exported shape 1145/1598 DefineShape (chid: 1741)
Exported shape 1146/1598 DefineShape (chid: 1742)
Exported shape 1147/1598 DefineShape (chid: 1743)
Exported shape 1148/1598 DefineShape (chid: 1744)
Exported shape 1149/1598 DefineShape (chid: 1745)
Exported shape 1150/1598 DefineShape (chid: 1746)
Exported shape 1151/1598 DefineShape (chid: 1747)
Exported shape 1152/1598 DefineShape (chid: 1748)
Exported shape 1153/1598 DefineShape (chid: 1749)
Exported shape 1154/1598 DefineShape (chid: 1750)
Exported shape 1155/1598 DefineShape (chid: 1751)
Exported shape 1156/1598 DefineShape (chid: 1752)
Exported shape 1157/1598 DefineShape (chid: 1753)
Exported shape 1158/1598 DefineShape (chid: 1754)
Exported shape 1159/1598 DefineShape (chid: 1755)
Exported shape 1160/1598 DefineShape (chid: 1756)
Exported shape 1161/1598 DefineShape (chid: 1757)
Exported shape 1162/1598 DefineShape4 (chid: 1758)
Exported shape 1163/1598 DefineShape2 (chid: 1760)
Exported shape 1164/1598 DefineShape (chid: 1761)
Exported shape 1165/1598 DefineShape (chid: 1762)
Exported shape 1166/1598 DefineShape4 (chid: 1763)
Exported shape 1167/1598 DefineShape4 (chid: 1764)
Exported shape 1168/1598 DefineShape (chid: 1766)
Exported shape 1169/1598 DefineShape (chid: 1768)
Exported shape 1170/1598 DefineShape4 (chid: 1773)
Exported shape 1171/1598 DefineShape (chid: 1778)
Exported shape 1172/1598 DefineShape (chid: 1780)
Exported shape 1173/1598 DefineShape (chid: 1783)
Exported shape 1174/1598 DefineShape4 (chid: 1785)
Exported shape 1175/1598 DefineShape4 (chid: 1786)
Exported shape 1176/1598 DefineShape (chid: 1788)
Exported shape 1177/1598 DefineShape4 (chid: 1793)
Exported shape 1178/1598 DefineShape4 (chid: 1794)
Exported shape 1179/1598 DefineShape4 (chid: 1797)
Exported shape 1180/1598 DefineShape4 (chid: 1798)
Exported shape 1181/1598 DefineShape4 (chid: 1801)
Exported shape 1182/1598 DefineShape4 (chid: 1802)
Exported shape 1183/1598 DefineShape (chid: 1803)
Exported shape 1184/1598 DefineShape4 (chid: 1806)
Exported shape 1185/1598 DefineShape4 (chid: 1807)
Exported shape 1186/1598 DefineShape4 (chid: 1809)
Exported shape 1187/1598 DefineShape4 (chid: 1810)
Exported shape 1188/1598 DefineShape4 (chid: 1811)
Exported shape 1189/1598 DefineShape4 (chid: 1812)
Exported shape 1190/1598 DefineShape4 (chid: 1813)
Exported shape 1191/1598 DefineShape4 (chid: 1814)
Exported shape 1192/1598 DefineShape (chid: 1816)
Exported shape 1193/1598 DefineShape (chid: 1818)
Exported shape 1194/1598 DefineShape (chid: 1820)
Exported shape 1195/1598 DefineShape (chid: 1822)
Exported shape 1196/1598 DefineShape (chid: 1824)
Exported shape 1197/1598 DefineShape (chid: 1826)
Exported shape 1198/1598 DefineShape3 (chid: 1829)
Exported shape 1199/1598 DefineShape (chid: 1831)
Exported shape 1200/1598 DefineShape (chid: 1832)
Exported shape 1201/1598 DefineShape (chid: 1833)
Exported shape 1202/1598 DefineShape (chid: 1834)
Exported shape 1203/1598 DefineShape2 (chid: 1836)
Exported shape 1204/1598 DefineShape (chid: 1837)
Exported shape 1205/1598 DefineShape2 (chid: 1839)
Exported shape 1206/1598 DefineShape (chid: 1846)
Exported shape 1207/1598 DefineShape (chid: 1847)
Exported shape 1208/1598 DefineShape (chid: 1848)
Exported shape 1209/1598 DefineShape (chid: 1849)
Exported shape 1210/1598 DefineShape2 (chid: 1850)
Exported shape 1211/1598 DefineShape2 (chid: 1851)
Exported shape 1212/1598 DefineShape (chid: 1852)
Exported shape 1213/1598 DefineShape2 (chid: 1853)
Exported shape 1214/1598 DefineShape2 (chid: 1854)
Exported shape 1215/1598 DefineShape (chid: 1855)
Exported shape 1216/1598 DefineShape (chid: 1856)
Exported shape 1217/1598 DefineShape (chid: 1857)
Exported shape 1218/1598 DefineShape2 (chid: 1858)
Exported shape 1219/1598 DefineShape (chid: 1859)
Exported shape 1220/1598 DefineShape2 (chid: 1860)
Exported shape 1221/1598 DefineShape (chid: 1861)
Exported shape 1222/1598 DefineShape2 (chid: 1862)
Exported shape 1223/1598 DefineShape (chid: 1863)
Exported shape 1224/1598 DefineShape2 (chid: 1864)
Exported shape 1225/1598 DefineShape (chid: 1865)
Exported shape 1226/1598 DefineShape2 (chid: 1866)
Exported shape 1227/1598 DefineShape (chid: 1867)
Exported shape 1228/1598 DefineShape2 (chid: 1868)
Exported shape 1229/1598 DefineShape (chid: 1869)
Exported shape 1230/1598 DefineShape2 (chid: 1870)
Exported shape 1231/1598 DefineShape (chid: 1871)
Exported shape 1232/1598 DefineShape2 (chid: 1872)
Exported shape 1233/1598 DefineShape (chid: 1873)
Exported shape 1234/1598 DefineShape2 (chid: 1874)
Exported shape 1235/1598 DefineShape (chid: 1875)
Exported shape 1236/1598 DefineShape (chid: 1876)
Exported shape 1237/1598 DefineShape (chid: 1877)
Exported shape 1238/1598 DefineShape (chid: 1878)
Exported shape 1239/1598 DefineShape (chid: 1879)
Exported shape 1240/1598 DefineShape (chid: 1880)
Exported shape 1241/1598 DefineShape (chid: 1881)
Exported shape 1242/1598 DefineShape (chid: 1882)
Exported shape 1243/1598 DefineShape (chid: 1883)
Exported shape 1244/1598 DefineShape (chid: 1884)
Exported shape 1245/1598 DefineShape (chid: 1885)
Exported shape 1246/1598 DefineShape (chid: 1886)
Exported shape 1247/1598 DefineShape (chid: 1887)
Exported shape 1248/1598 DefineShape (chid: 1888)
Exported shape 1249/1598 DefineShape (chid: 1889)
Exported shape 1250/1598 DefineShape (chid: 1890)
Exported shape 1251/1598 DefineShape (chid: 1891)
Exported shape 1252/1598 DefineShape (chid: 1892)
Exported shape 1253/1598 DefineShape3 (chid: 1895)
Exported shape 1254/1598 DefineShape4 (chid: 1898)
Exported shape 1255/1598 DefineShape (chid: 1900)
Exported shape 1256/1598 DefineShape3 (chid: 1903)
Exported shape 1257/1598 DefineShape3 (chid: 1904)
Exported shape 1258/1598 DefineShape3 (chid: 1905)
Exported shape 1259/1598 DefineShape3 (chid: 1906)
Exported shape 1260/1598 DefineShape3 (chid: 1907)
Exported shape 1261/1598 DefineShape3 (chid: 1908)
Exported shape 1262/1598 DefineShape (chid: 1909)
Exported shape 1263/1598 DefineShape (chid: 1910)
Exported shape 1264/1598 DefineShape (chid: 1911)
Exported shape 1265/1598 DefineShape (chid: 1912)
Exported shape 1266/1598 DefineShape (chid: 1913)
Exported shape 1267/1598 DefineShape3 (chid: 1914)
Exported shape 1268/1598 DefineShape3 (chid: 1915)
Exported shape 1269/1598 DefineShape3 (chid: 1917)
Exported shape 1270/1598 DefineShape3 (chid: 1919)
Exported shape 1271/1598 DefineShape3 (chid: 1921)
Exported shape 1272/1598 DefineShape3 (chid: 1922)
Exported shape 1273/1598 DefineShape3 (chid: 1923)
Exported shape 1274/1598 DefineShape2 (chid: 1924)
Exported shape 1275/1598 DefineShape2 (chid: 1925)
Exported shape 1276/1598 DefineShape2 (chid: 1926)
Exported shape 1277/1598 DefineShape (chid: 1927)
Exported shape 1278/1598 DefineShape (chid: 1928)
Exported shape 1279/1598 DefineShape (chid: 1930)
Exported shape 1280/1598 DefineShape (chid: 1931)
Exported shape 1281/1598 DefineShape (chid: 1933)
Exported shape 1282/1598 DefineShape (chid: 1935)
Exported shape 1283/1598 DefineShape2 (chid: 1939)
Exported shape 1284/1598 DefineShape2 (chid: 1940)
Exported shape 1285/1598 DefineShape2 (chid: 1941)
Exported shape 1286/1598 DefineShape2 (chid: 1942)
Exported shape 1287/1598 DefineShape2 (chid: 1943)
Exported shape 1288/1598 DefineShape2 (chid: 1944)
Exported shape 1289/1598 DefineShape2 (chid: 1945)
Exported shape 1290/1598 DefineShape2 (chid: 1946)
Exported shape 1291/1598 DefineShape3 (chid: 1947)
Exported shape 1292/1598 DefineShape3 (chid: 1948)
Exported shape 1293/1598 DefineShape (chid: 1950)
Exported shape 1294/1598 DefineShape2 (chid: 1951)
Exported shape 1295/1598 DefineShape2 (chid: 1952)
Exported shape 1296/1598 DefineShape2 (chid: 1953)
Exported shape 1297/1598 DefineShape2 (chid: 1954)
Exported shape 1298/1598 DefineShape2 (chid: 1955)
Exported shape 1299/1598 DefineShape2 (chid: 1956)
Exported shape 1300/1598 DefineShape2 (chid: 1957)
Exported shape 1301/1598 DefineShape2 (chid: 1958)
Exported shape 1302/1598 DefineShape2 (chid: 1959)
Exported shape 1303/1598 DefineShape2 (chid: 1960)
Exported shape 1304/1598 DefineShape2 (chid: 1961)
Exported shape 1305/1598 DefineShape (chid: 1962)
Exported shape 1306/1598 DefineShape2 (chid: 1963)
Exported shape 1307/1598 DefineShape (chid: 1964)
Exported shape 1308/1598 DefineShape2 (chid: 1965)
Exported shape 1309/1598 DefineShape (chid: 1966)
Exported shape 1310/1598 DefineShape2 (chid: 1967)
Exported shape 1311/1598 DefineShape2 (chid: 1968)
Exported shape 1312/1598 DefineShape2 (chid: 1969)
Exported shape 1313/1598 DefineShape (chid: 1971)
Exported shape 1314/1598 DefineShape (chid: 1973)
Exported shape 1315/1598 DefineShape (chid: 1974)
Exported shape 1316/1598 DefineShape4 (chid: 1976)
Exported shape 1317/1598 DefineShape2 (chid: 1978)
Exported shape 1318/1598 DefineShape2 (chid: 1979)
Exported shape 1319/1598 DefineShape2 (chid: 1980)
Exported shape 1320/1598 DefineShape2 (chid: 1981)
Exported shape 1321/1598 DefineShape2 (chid: 1982)
Exported shape 1322/1598 DefineShape2 (chid: 1983)
Exported shape 1323/1598 DefineShape2 (chid: 1984)
Exported shape 1324/1598 DefineShape2 (chid: 1985)
Exported shape 1325/1598 DefineShape2 (chid: 1986)
Exported shape 1326/1598 DefineShape2 (chid: 1987)
Exported shape 1327/1598 DefineShape2 (chid: 1988)
Exported shape 1328/1598 DefineShape2 (chid: 1989)
Exported shape 1329/1598 DefineShape2 (chid: 1990)
Exported shape 1330/1598 DefineShape2 (chid: 1991)
Exported shape 1331/1598 DefineShape2 (chid: 1992)
Exported shape 1332/1598 DefineShape2 (chid: 1993)
Exported shape 1333/1598 DefineShape2 (chid: 1994)
Exported shape 1334/1598 DefineShape2 (chid: 1995)
Exported shape 1335/1598 DefineShape2 (chid: 1996)
Exported shape 1336/1598 DefineShape2 (chid: 1997)
Exported shape 1337/1598 DefineShape2 (chid: 1998)
Exported shape 1338/1598 DefineShape2 (chid: 1999)
Exported shape 1339/1598 DefineShape2 (chid: 2000)
Exported shape 1340/1598 DefineShape2 (chid: 2001)
Exported shape 1341/1598 DefineShape2 (chid: 2002)
Exported shape 1342/1598 DefineShape2 (chid: 2004)
Exported shape 1343/1598 DefineShape2 (chid: 2005)
Exported shape 1344/1598 DefineShape2 (chid: 2006)
Exported shape 1345/1598 DefineShape2 (chid: 2007)
Exported shape 1346/1598 DefineShape2 (chid: 2008)
Exported shape 1347/1598 DefineShape2 (chid: 2009)
Exported shape 1348/1598 DefineShape2 (chid: 2010)
Exported shape 1349/1598 DefineShape2 (chid: 2011)
Exported shape 1350/1598 DefineShape2 (chid: 2012)
Exported shape 1351/1598 DefineShape2 (chid: 2013)
Exported shape 1352/1598 DefineShape2 (chid: 2014)
Exported shape 1353/1598 DefineShape2 (chid: 2015)
Exported shape 1354/1598 DefineShape2 (chid: 2016)
Exported shape 1355/1598 DefineShape2 (chid: 2018)
Exported shape 1356/1598 DefineShape2 (chid: 2019)
Exported shape 1357/1598 DefineShape2 (chid: 2020)
Exported shape 1358/1598 DefineShape (chid: 2024)
Exported shape 1359/1598 DefineShape2 (chid: 2025)
Exported shape 1360/1598 DefineShape (chid: 2026)
Exported shape 1361/1598 DefineShape2 (chid: 2027)
Exported shape 1362/1598 DefineShape (chid: 2028)
Exported shape 1363/1598 DefineShape2 (chid: 2029)
Exported shape 1364/1598 DefineShape (chid: 2030)
Exported shape 1365/1598 DefineShape2 (chid: 2031)
Exported shape 1366/1598 DefineShape (chid: 2032)
Exported shape 1367/1598 DefineShape2 (chid: 2033)
Exported shape 1368/1598 DefineShape (chid: 2034)
Exported shape 1369/1598 DefineShape2 (chid: 2035)
Exported shape 1370/1598 DefineShape (chid: 2036)
Exported shape 1371/1598 DefineShape2 (chid: 2037)
Exported shape 1372/1598 DefineShape (chid: 2040)
Exported shape 1373/1598 DefineShape (chid: 2041)
Exported shape 1374/1598 DefineShape (chid: 2042)
Exported shape 1375/1598 DefineShape (chid: 2043)
Exported shape 1376/1598 DefineShape (chid: 2044)
Exported shape 1377/1598 DefineShape (chid: 2045)
Exported shape 1378/1598 DefineShape (chid: 2046)
Exported shape 1379/1598 DefineShape (chid: 2047)
Exported shape 1380/1598 DefineShape (chid: 2048)
Exported shape 1381/1598 DefineShape (chid: 2049)
Exported shape 1382/1598 DefineShape (chid: 2050)
Exported shape 1383/1598 DefineShape (chid: 2051)
Exported shape 1384/1598 DefineShape (chid: 2052)
Exported shape 1385/1598 DefineShape4 (chid: 2053)
Exported shape 1386/1598 DefineShape4 (chid: 2054)
Exported shape 1387/1598 DefineShape4 (chid: 2061)
Exported shape 1388/1598 DefineShape (chid: 2066)
Exported shape 1389/1598 DefineShape (chid: 2070)
Exported shape 1390/1598 DefineShape4 (chid: 2072)
Exported shape 1391/1598 DefineShape4 (chid: 2073)
Exported shape 1392/1598 DefineShape4 (chid: 2079)
Exported shape 1393/1598 DefineShape4 (chid: 2080)
Exported shape 1394/1598 DefineShape4 (chid: 2083)
Exported shape 1395/1598 DefineShape4 (chid: 2084)
Exported shape 1396/1598 DefineShape4 (chid: 2087)
Exported shape 1397/1598 DefineShape4 (chid: 2088)
Exported shape 1398/1598 DefineShape4 (chid: 2091)
Exported shape 1399/1598 DefineShape4 (chid: 2092)
Exported shape 1400/1598 DefineShape4 (chid: 2094)
Exported shape 1401/1598 DefineShape4 (chid: 2095)
Exported shape 1402/1598 DefineShape4 (chid: 2096)
Exported shape 1403/1598 DefineShape4 (chid: 2097)
Exported shape 1404/1598 DefineShape4 (chid: 2098)
Exported shape 1405/1598 DefineShape4 (chid: 2099)
Exported shape 1406/1598 DefineShape2 (chid: 2107)
Exported shape 1407/1598 DefineShape3 (chid: 2110)
Exported shape 1408/1598 DefineShape (chid: 2112)
Exported shape 1409/1598 DefineShape (chid: 2113)
Exported shape 1410/1598 DefineShape (chid: 2115)
Exported shape 1411/1598 DefineShape (chid: 2116)
Exported shape 1412/1598 DefineShape (chid: 2119)
Exported shape 1413/1598 DefineShape2 (chid: 2120)
Exported shape 1414/1598 DefineShape2 (chid: 2123)
Exported shape 1415/1598 DefineShape (chid: 2125)
Exported shape 1416/1598 DefineShape (chid: 2128)
Exported shape 1417/1598 DefineShape4 (chid: 2136)
Exported shape 1418/1598 DefineShape4 (chid: 2138)
Exported shape 1419/1598 DefineShape4 (chid: 2140)
Exported shape 1420/1598 DefineShape (chid: 2144)
Exported shape 1421/1598 DefineShape (chid: 2148)
Exported shape 1422/1598 DefineShape (chid: 2151)
Exported shape 1423/1598 DefineShape (chid: 2153)
Exported shape 1424/1598 DefineShape (chid: 2155)
Exported shape 1425/1598 DefineShape (chid: 2158)
Exported shape 1426/1598 DefineShape (chid: 2161)
Exported shape 1427/1598 DefineShape (chid: 2163)
Exported shape 1428/1598 DefineShape (chid: 2165)
Exported shape 1429/1598 DefineShape (chid: 2167)
Exported shape 1430/1598 DefineShape (chid: 2169)
Exported shape 1431/1598 DefineShape (chid: 2172)
Exported shape 1432/1598 DefineShape (chid: 2175)
Exported shape 1433/1598 DefineShape (chid: 2181)
Exported shape 1434/1598 DefineShape (chid: 2182)
Exported shape 1435/1598 DefineShape (chid: 2183)
Exported shape 1436/1598 DefineShape (chid: 2184)
Exported shape 1437/1598 DefineShape (chid: 2186)
Exported shape 1438/1598 DefineShape2 (chid: 2189)
Exported shape 1439/1598 DefineShape3 (chid: 2191)
Exported shape 1440/1598 DefineShape3 (chid: 2193)
Exported shape 1441/1598 DefineShape3 (chid: 2198)
Exported shape 1442/1598 DefineShape (chid: 2202)
Exported shape 1443/1598 DefineShape2 (chid: 2205)
Exported shape 1444/1598 DefineShape4 (chid: 2212)
Exported shape 1445/1598 DefineShape4 (chid: 2213)
Exported shape 1446/1598 DefineShape (chid: 2214)
Exported shape 1447/1598 DefineShape4 (chid: 2224)
Exported shape 1448/1598 DefineShape4 (chid: 2225)
Exported shape 1449/1598 DefineShape (chid: 2226)
Exported shape 1450/1598 DefineShape (chid: 2230)
Exported shape 1451/1598 DefineShape (chid: 2232)
Exported shape 1452/1598 DefineShape2 (chid: 2234)
Exported shape 1453/1598 DefineShape (chid: 2236)
Exported shape 1454/1598 DefineShape (chid: 2240)
Exported shape 1455/1598 DefineShape (chid: 2243)
Exported shape 1456/1598 DefineShape2 (chid: 2246)
Exported shape 1457/1598 DefineShape (chid: 2249)
Exported shape 1458/1598 DefineShape2 (chid: 2252)
Exported shape 1459/1598 DefineShape (chid: 2255)
Exported shape 1460/1598 DefineShape (chid: 2258)
Exported shape 1461/1598 DefineShape (chid: 2262)
Exported shape 1462/1598 DefineShape (chid: 2265)
Exported shape 1463/1598 DefineShape (chid: 2267)
Exported shape 1464/1598 DefineShape3 (chid: 2270)
Exported shape 1465/1598 DefineShape2 (chid: 2273)
Exported shape 1466/1598 DefineShape2 (chid: 2279)
Exported shape 1467/1598 DefineShape2 (chid: 2282)
Exported shape 1468/1598 DefineShape2 (chid: 2283)
Exported shape 1469/1598 DefineShape2 (chid: 2284)
Exported shape 1470/1598 DefineShape (chid: 2286)
Exported shape 1471/1598 DefineShape (chid: 2287)
Exported shape 1472/1598 DefineShape (chid: 2289)
Exported shape 1473/1598 DefineShape (chid: 2290)
Exported shape 1474/1598 DefineShape (chid: 2291)
Exported shape 1475/1598 DefineShape (chid: 2292)
Exported shape 1476/1598 DefineShape (chid: 2293)
Exported shape 1477/1598 DefineShape (chid: 2294)
Exported shape 1478/1598 DefineShape (chid: 2295)
Exported shape 1479/1598 DefineShape (chid: 2296)
Exported shape 1480/1598 DefineShape (chid: 2297)
Exported shape 1481/1598 DefineShape (chid: 2298)
Exported shape 1482/1598 DefineShape (chid: 2299)
Exported shape 1483/1598 DefineShape2 (chid: 2300)
Exported shape 1484/1598 DefineShape2 (chid: 2301)
Exported shape 1485/1598 DefineShape (chid: 2302)
Exported shape 1486/1598 DefineShape (chid: 2303)
Exported shape 1487/1598 DefineShape (chid: 2304)
Exported shape 1488/1598 DefineShape2 (chid: 2305)
Exported shape 1489/1598 DefineShape2 (chid: 2306)
Exported shape 1490/1598 DefineShape2 (chid: 2307)
Exported shape 1491/1598 DefineShape4 (chid: 2308)
Exported shape 1492/1598 DefineShape (chid: 2309)
Exported shape 1493/1598 DefineShape4 (chid: 2313)
Exported shape 1494/1598 DefineShape3 (chid: 2316)
Exported shape 1495/1598 DefineShape (chid: 2317)
Exported shape 1496/1598 DefineShape (chid: 2318)
Exported shape 1497/1598 DefineShape (chid: 2319)
Exported shape 1498/1598 DefineShape (chid: 2320)
Exported shape 1499/1598 DefineShape (chid: 2321)
Exported shape 1500/1598 DefineShape (chid: 2322)
Exported shape 1501/1598 DefineShape (chid: 2323)
Exported shape 1502/1598 DefineShape (chid: 2324)
Exported shape 1503/1598 DefineShape (chid: 2325)
Exported shape 1504/1598 DefineShape (chid: 2326)
Exported shape 1505/1598 DefineShape3 (chid: 2327)
Exported shape 1506/1598 DefineShape3 (chid: 2328)
Exported shape 1507/1598 DefineShape3 (chid: 2329)
Exported shape 1508/1598 DefineShape (chid: 2330)
Exported shape 1509/1598 DefineShape (chid: 2332)
Exported shape 1510/1598 DefineShape (chid: 2336)
Exported shape 1511/1598 DefineShape (chid: 2338)
Exported shape 1512/1598 DefineShape (chid: 2340)
Exported shape 1513/1598 DefineShape (chid: 2341)
Exported shape 1514/1598 DefineShape4 (chid: 2342)
Exported shape 1515/1598 DefineShape (chid: 2344)
Exported shape 1516/1598 DefineShape (chid: 2345)
Exported shape 1517/1598 DefineShape (chid: 2346)
Exported shape 1518/1598 DefineShape (chid: 2347)
Exported shape 1519/1598 DefineShape4 (chid: 2350)
Exported shape 1520/1598 DefineShape4 (chid: 2352)
Exported shape 1521/1598 DefineShape4 (chid: 2353)
Exported shape 1522/1598 DefineShape4 (chid: 2354)
Exported shape 1523/1598 DefineShape (chid: 2355)
Exported shape 1524/1598 DefineShape4 (chid: 2356)
Exported shape 1525/1598 DefineShape (chid: 2357)
Exported shape 1526/1598 DefineShape4 (chid: 2358)
Exported shape 1527/1598 DefineShape (chid: 2359)
Exported shape 1528/1598 DefineShape4 (chid: 2360)
Exported shape 1529/1598 DefineShape (chid: 2361)
Exported shape 1530/1598 DefineShape4 (chid: 2362)
Exported shape 1531/1598 DefineShape (chid: 2363)
Exported shape 1532/1598 DefineShape4 (chid: 2364)
Exported shape 1533/1598 DefineShape (chid: 2365)
Exported shape 1534/1598 DefineShape4 (chid: 2366)
Exported shape 1535/1598 DefineShape (chid: 2367)
Exported shape 1536/1598 DefineShape4 (chid: 2368)
Exported shape 1537/1598 DefineShape (chid: 2369)
Exported shape 1538/1598 DefineShape4 (chid: 2370)
Exported shape 1539/1598 DefineShape (chid: 2371)
Exported shape 1540/1598 DefineShape4 (chid: 2372)
Exported shape 1541/1598 DefineShape (chid: 2373)
Exported shape 1542/1598 DefineShape4 (chid: 2374)
Exported shape 1543/1598 DefineShape (chid: 2375)
Exported shape 1544/1598 DefineShape4 (chid: 2376)
Exported shape 1545/1598 DefineShape (chid: 2377)
Exported shape 1546/1598 DefineShape4 (chid: 2378)
Exported shape 1547/1598 DefineShape (chid: 2379)
Exported shape 1548/1598 DefineShape3 (chid: 2380)
Exported shape 1549/1598 DefineShape4 (chid: 2381)
Exported shape 1550/1598 DefineShape3 (chid: 2384)
Exported shape 1551/1598 DefineShape (chid: 2386)
Exported shape 1552/1598 DefineShape (chid: 2388)
Exported shape 1553/1598 DefineShape (chid: 2390)
Exported shape 1554/1598 DefineShape (chid: 2392)
Exported shape 1555/1598 DefineShape (chid: 2394)
Exported shape 1556/1598 DefineShape3 (chid: 2395)
Exported shape 1557/1598 DefineShape3 (chid: 2396)
Exported shape 1558/1598 DefineShape3 (chid: 2397)
Exported shape 1559/1598 DefineShape4 (chid: 2398)
Exported shape 1560/1598 DefineShape (chid: 2400)
Exported shape 1561/1598 DefineShape3 (chid: 2401)
Exported shape 1562/1598 DefineShape (chid: 2403)
Exported shape 1563/1598 DefineShape (chid: 2404)
Exported shape 1564/1598 DefineShape (chid: 2405)
Exported shape 1565/1598 DefineShape (chid: 2406)
Exported shape 1566/1598 DefineShape (chid: 2407)
Exported shape 1567/1598 DefineShape4 (chid: 2410)
Exported shape 1568/1598 DefineShape4 (chid: 2412)
Exported shape 1569/1598 DefineShape (chid: 2420)
Exported shape 1570/1598 DefineShape (chid: 2422)
Exported shape 1571/1598 DefineShape (chid: 2423)
Exported shape 1572/1598 DefineShape (chid: 2424)
Exported shape 1573/1598 DefineShape2 (chid: 2425)
Exported shape 1574/1598 DefineShape (chid: 2435)
Exported shape 1575/1598 DefineShape (chid: 2437)
Exported shape 1576/1598 DefineShape3 (chid: 2440)
Exported shape 1577/1598 DefineShape (chid: 2447)
Exported shape 1578/1598 DefineShape (chid: 2450)
Exported shape 1579/1598 DefineShape (chid: 2452)
Exported shape 1580/1598 DefineShape3 (chid: 2455)
Exported shape 1581/1598 DefineShape (chid: 2457)
Exported shape 1582/1598 DefineShape (chid: 2460)
Exported shape 1583/1598 DefineShape (chid: 2462)
Exported shape 1584/1598 DefineShape3 (chid: 2476)
Exported shape 1585/1598 DefineShape (chid: 2478)
Exported shape 1586/1598 DefineShape (chid: 2481)
Exported shape 1587/1598 DefineShape (chid: 2489)
Exported shape 1588/1598 DefineShape (chid: 2498)
Exported shape 1589/1598 DefineShape4 (chid: 2502)
Exported shape 1590/1598 DefineShape3 (chid: 2505)
Exported shape 1591/1598 DefineShape (chid: 2507)
Exported shape 1592/1598 DefineShape3 (chid: 2511)
Exported shape 1593/1598 DefineShape (chid: 2516)
Exported shape 1594/1598 DefineShape4 (chid: 2519)
Exported shape 1595/1598 DefineShape (chid: 2521)
Exported shape 1596/1598 DefineShape (chid: 2532)
Exported shape 1597/1598 DefineShape2 (chid: 2538)
Exported shape 1598/1598 DefineShape2 (chid: 2542)
Exporting morphshapes...
Exported morphshape 1/38 DefineMorphShape2 (chid: 390)
Exported morphshape 2/38 DefineMorphShape (chid: 1158)
Exported morphshape 3/38 DefineMorphShape (chid: 1160)
Exported morphshape 4/38 DefineMorphShape (chid: 1165)
Exported morphshape 5/38 DefineMorphShape (chid: 1533)
Exported morphshape 6/38 DefineMorphShape (chid: 1534)
Exported morphshape 7/38 DefineMorphShape (chid: 1540)
Exported morphshape 8/38 DefineMorphShape (chid: 1541)
Exported morphshape 9/38 DefineMorphShape2 (chid: 1574)
Exported morphshape 10/38 DefineMorphShape2 (chid: 1575)
Exported morphshape 11/38 DefineMorphShape2 (chid: 1578)
Exported morphshape 12/38 DefineMorphShape2 (chid: 1579)
Exported morphshape 13/38 DefineMorphShape2 (chid: 1582)
Exported morphshape 14/38 DefineMorphShape2 (chid: 1583)
Exported morphshape 15/38 DefineMorphShape (chid: 1627)
Exported morphshape 16/38 DefineMorphShape (chid: 1628)
Exported morphshape 17/38 DefineMorphShape2 (chid: 1772)
Exported morphshape 18/38 DefineMorphShape2 (chid: 2060)
Exported morphshape 19/38 DefineMorphShape2 (chid: 2206)
Exported morphshape 20/38 DefineMorphShape2 (chid: 2207)
Exported morphshape 21/38 DefineMorphShape (chid: 2208)
Exported morphshape 22/38 DefineMorphShape2 (chid: 2209)
Exported morphshape 23/38 DefineMorphShape2 (chid: 2210)
Exported morphshape 24/38 DefineMorphShape (chid: 2211)
Exported morphshape 25/38 DefineMorphShape2 (chid: 2215)
Exported morphshape 26/38 DefineMorphShape2 (chid: 2216)
Exported morphshape 27/38 DefineMorphShape (chid: 2217)
Exported morphshape 28/38 DefineMorphShape2 (chid: 2218)
Exported morphshape 29/38 DefineMorphShape2 (chid: 2219)
Exported morphshape 30/38 DefineMorphShape (chid: 2220)
Exported morphshape 31/38 DefineMorphShape2 (chid: 2221)
Exported morphshape 32/38 DefineMorphShape2 (chid: 2222)
Exported morphshape 33/38 DefineMorphShape (chid: 2223)
Exported morphshape 34/38 DefineMorphShape (chid: 2337)
Exported morphshape 35/38 DefineMorphShape (chid: 2417)
Exported morphshape 36/38 DefineMorphShape (chid: 2418)
Exported morphshape 37/38 DefineMorphShape (chid: 2419)
Exported morphshape 38/38 DefineMorphShape (chid: 2421)
Export finished. Total export time: 00:01.538
OK
